stm32f4xx_it.c:79:6:NMI_Handler	0	static
stm32f4xx_it.c:94:6:HardFault_Handler	0	static
stm32f4xx_it.c:109:6:MemManage_Handler	0	static
stm32f4xx_it.c:124:6:BusFault_Handler	0	static
stm32f4xx_it.c:139:6:UsageFault_Handler	0	static
stm32f4xx_it.c:154:6:DebugMon_Handler	0	static
stm32f4xx_it.c:167:6:SysTick_Handler	8	static
stm32f4xx_it.c:196:6:DMA1_Stream5_IRQHandler	8	static
stm32f4xx_it.c:210:6:DMA1_Stream6_IRQHandler	8	static
stm32f4xx_it.c:224:6:ADC_IRQHandler	8	static
stm32f4xx_it.c:238:6:TIM1_CC_IRQHandler	8	static
stm32f4xx_it.c:252:6:USART1_IRQHandler	8	static
stm32f4xx_it.c:266:6:USART2_IRQHandler	8	static
stm32f4xx_it.c:280:6:DMA2_Stream0_IRQHandler	8	static
stm32f4xx_it.c:294:6:DMA2_Stream7_IRQHandler	8	static
