Archive member included to satisfy reference by file (symbol)

c:/st/stm32cubeide_1.6.1/stm32cubeide/plugins/com.st.stm32cube.ide.mcu.externaltools.gnu-tools-for-stm32.9-2020-q2-update.win32_1.5.0.202011040924/tools/bin/../lib/gcc/arm-none-eabi/9.3.1/../../../../arm-none-eabi/lib/thumb/v7e-m+fp/hard\libc_nano.a(lib_a-errno.o)
                              Core/Src/syscalls.o (__errno)
c:/st/stm32cubeide_1.6.1/stm32cubeide/plugins/com.st.stm32cube.ide.mcu.externaltools.gnu-tools-for-stm32.9-2020-q2-update.win32_1.5.0.202011040924/tools/bin/../lib/gcc/arm-none-eabi/9.3.1/../../../../arm-none-eabi/lib/thumb/v7e-m+fp/hard\libc_nano.a(lib_a-exit.o)
                              c:/st/stm32cubeide_1.6.1/stm32cubeide/plugins/com.st.stm32cube.ide.mcu.externaltools.gnu-tools-for-stm32.9-2020-q2-update.win32_1.5.0.202011040924/tools/bin/../lib/gcc/arm-none-eabi/9.3.1/../../../../arm-none-eabi/lib/thumb/v7e-m+fp/hard/crt0.o (exit)
c:/st/stm32cubeide_1.6.1/stm32cubeide/plugins/com.st.stm32cube.ide.mcu.externaltools.gnu-tools-for-stm32.9-2020-q2-update.win32_1.5.0.202011040924/tools/bin/../lib/gcc/arm-none-eabi/9.3.1/../../../../arm-none-eabi/lib/thumb/v7e-m+fp/hard\libc_nano.a(lib_a-impure.o)
                              c:/st/stm32cubeide_1.6.1/stm32cubeide/plugins/com.st.stm32cube.ide.mcu.externaltools.gnu-tools-for-stm32.9-2020-q2-update.win32_1.5.0.202011040924/tools/bin/../lib/gcc/arm-none-eabi/9.3.1/../../../../arm-none-eabi/lib/thumb/v7e-m+fp/hard\libc_nano.a(lib_a-exit.o) (_global_impure_ptr)
c:/st/stm32cubeide_1.6.1/stm32cubeide/plugins/com.st.stm32cube.ide.mcu.externaltools.gnu-tools-for-stm32.9-2020-q2-update.win32_1.5.0.202011040924/tools/bin/../lib/gcc/arm-none-eabi/9.3.1/../../../../arm-none-eabi/lib/thumb/v7e-m+fp/hard\libc_nano.a(lib_a-init.o)
                              c:/st/stm32cubeide_1.6.1/stm32cubeide/plugins/com.st.stm32cube.ide.mcu.externaltools.gnu-tools-for-stm32.9-2020-q2-update.win32_1.5.0.202011040924/tools/bin/../lib/gcc/arm-none-eabi/9.3.1/../../../../arm-none-eabi/lib/thumb/v7e-m+fp/hard/crt0.o (__libc_init_array)
c:/st/stm32cubeide_1.6.1/stm32cubeide/plugins/com.st.stm32cube.ide.mcu.externaltools.gnu-tools-for-stm32.9-2020-q2-update.win32_1.5.0.202011040924/tools/bin/../lib/gcc/arm-none-eabi/9.3.1/../../../../arm-none-eabi/lib/thumb/v7e-m+fp/hard\libc_nano.a(lib_a-malloc.o)
                              Middlewares/Third_Party/FreeRTOS/Source/portable/MemMang/heap_3.o (malloc)
c:/st/stm32cubeide_1.6.1/stm32cubeide/plugins/com.st.stm32cube.ide.mcu.externaltools.gnu-tools-for-stm32.9-2020-q2-update.win32_1.5.0.202011040924/tools/bin/../lib/gcc/arm-none-eabi/9.3.1/../../../../arm-none-eabi/lib/thumb/v7e-m+fp/hard\libc_nano.a(lib_a-memcpy-stub.o)
                              Middlewares/Third_Party/FreeRTOS/Source/queue.o (memcpy)
c:/st/stm32cubeide_1.6.1/stm32cubeide/plugins/com.st.stm32cube.ide.mcu.externaltools.gnu-tools-for-stm32.9-2020-q2-update.win32_1.5.0.202011040924/tools/bin/../lib/gcc/arm-none-eabi/9.3.1/../../../../arm-none-eabi/lib/thumb/v7e-m+fp/hard\libc_nano.a(lib_a-memset.o)
                              c:/st/stm32cubeide_1.6.1/stm32cubeide/plugins/com.st.stm32cube.ide.mcu.externaltools.gnu-tools-for-stm32.9-2020-q2-update.win32_1.5.0.202011040924/tools/bin/../lib/gcc/arm-none-eabi/9.3.1/../../../../arm-none-eabi/lib/thumb/v7e-m+fp/hard/crt0.o (memset)
c:/st/stm32cubeide_1.6.1/stm32cubeide/plugins/com.st.stm32cube.ide.mcu.externaltools.gnu-tools-for-stm32.9-2020-q2-update.win32_1.5.0.202011040924/tools/bin/../lib/gcc/arm-none-eabi/9.3.1/../../../../arm-none-eabi/lib/thumb/v7e-m+fp/hard\libc_nano.a(lib_a-nano-freer.o)
                              c:/st/stm32cubeide_1.6.1/stm32cubeide/plugins/com.st.stm32cube.ide.mcu.externaltools.gnu-tools-for-stm32.9-2020-q2-update.win32_1.5.0.202011040924/tools/bin/../lib/gcc/arm-none-eabi/9.3.1/../../../../arm-none-eabi/lib/thumb/v7e-m+fp/hard\libc_nano.a(lib_a-malloc.o) (_free_r)
c:/st/stm32cubeide_1.6.1/stm32cubeide/plugins/com.st.stm32cube.ide.mcu.externaltools.gnu-tools-for-stm32.9-2020-q2-update.win32_1.5.0.202011040924/tools/bin/../lib/gcc/arm-none-eabi/9.3.1/../../../../arm-none-eabi/lib/thumb/v7e-m+fp/hard\libc_nano.a(lib_a-nano-mallocr.o)
                              c:/st/stm32cubeide_1.6.1/stm32cubeide/plugins/com.st.stm32cube.ide.mcu.externaltools.gnu-tools-for-stm32.9-2020-q2-update.win32_1.5.0.202011040924/tools/bin/../lib/gcc/arm-none-eabi/9.3.1/../../../../arm-none-eabi/lib/thumb/v7e-m+fp/hard\libc_nano.a(lib_a-malloc.o) (_malloc_r)
c:/st/stm32cubeide_1.6.1/stm32cubeide/plugins/com.st.stm32cube.ide.mcu.externaltools.gnu-tools-for-stm32.9-2020-q2-update.win32_1.5.0.202011040924/tools/bin/../lib/gcc/arm-none-eabi/9.3.1/../../../../arm-none-eabi/lib/thumb/v7e-m+fp/hard\libc_nano.a(lib_a-sbrkr.o)
[...]
Memory Configuration

Name             Origin             Length             Attributes
CCMRAM           0x0000000010000000 0x0000000000010000 xrw
RAM              0x0000000020000000 0x0000000000020000 xrw
FLASH            0x0000000008000000 0x0000000000100000 xr
*default*        0x0000000000000000 0xffffffffffffffff

Linker script and memory map

LOAD c:/st/stm32cubeide_1.6.1/stm32cubeide/plugins/com.st.stm32cube.ide.mcu.externaltools.gnu-tools-for-stm32.9-2020-q2-update.win32_1.5.0.202011040924/tools/bin/../lib/gcc/arm-none-eabi/9.3.1/thumb/v7e-m+fp/hard/crti.o
LOAD c:/st/stm32cubeide_1.6.1/stm32cubeide/plugins/com.st.stm32cube.ide.mcu.externaltools.gnu-tools-for-stm32.9-2020-q2-update.win32_1.5.0.202011040924/tools/bin/../lib/gcc/arm-none-eabi/9.3.1/thumb/v7e-m+fp/hard/crtbegin.o
LOAD c:/st/stm32cubeide_1.6.1/stm32cubeide/plugins/com.st.stm32cube.ide.mcu.externaltools.gnu-tools-for-stm32.9-2020-q2-update.win32_1.5.0.202011040924/tools/bin/../lib/gcc/arm-none-eabi/9.3.1/../../../../arm-none-eabi/lib/thumb/v7e-m+fp/hard/crt0.o
LOAD Core/Src/adc.o
LOAD Core/Src/dma.o
LOAD Core/Src/freertos.o
LOAD Core/Src/gpio.o
LOAD Core/Src/main.o
LOAD Core/Src/stm32f4xx_hal_msp.o
LOAD Core/Src/stm32f4xx_it.o
LOAD Core/Src/syscalls.o
LOAD Core/Src/sysmem.o
LOAD Core/Src/system_stm32f4xx.o
LOAD Core/Src/tim.o
LOAD Core/Src/usart.o
LOAD Core/Startup/startup_stm32f407zgtx.o
LOAD Drivers/STM32F4xx_HAL_Driver/Src/stm32f4xx_hal.o
LOAD Drivers/STM32F4xx_HAL_Driver/Src/stm32f4xx_hal_adc.o
LOAD Drivers/STM32F4xx_HAL_Driver/Src/stm32f4xx_hal_adc_ex.o
LOAD Drivers/STM32F4xx_HAL_Driver/Src/stm32f4xx_hal_cortex.o
LOAD Drivers/STM32F4xx_HAL_Driver/Src/stm32f4xx_hal_dma.o
LOAD Drivers/STM32F4xx_HAL_Driver/Src/stm32f4xx_hal_dma_ex.o
LOAD Drivers/STM32F4xx_HAL_Driver/Src/stm32f4xx_hal_exti.o
LOAD Drivers/STM32F4xx_HAL_Driver/Src/stm32f4xx_hal_flash.o
LOAD Drivers/STM32F4xx_HAL_Driver/Src/stm32f4xx_hal_flash_ex.o
LOAD Drivers/STM32F4xx_HAL_Driver/Src/stm32f4xx_hal_flash_ramfunc.o
LOAD Drivers/STM32F4xx_HAL_Driver/Src/stm32f4xx_hal_gpio.o
LOAD Drivers/STM32F4xx_HAL_Driver/Src/stm32f4xx_hal_pwr.o
LOAD Drivers/STM32F4xx_HAL_Driver/Src/stm32f4xx_hal_pwr_ex.o
LOAD Drivers/STM32F4xx_HAL_Driver/Src/stm32f4xx_hal_rcc.o
LOAD Drivers/STM32F4xx_HAL_Driver/Src/stm32f4xx_hal_rcc_ex.o
LOAD Drivers/STM32F4xx_HAL_Driver/Src/stm32f4xx_hal_tim.o
LOAD Drivers/STM32F4xx_HAL_Driver/Src/stm32f4xx_hal_tim_ex.o
LOAD Drivers/STM32F4xx_HAL_Driver/Src/stm32f4xx_hal_uart.o
LOAD Drivers/STM32F4xx_HAL_Driver/Src/stm32f4xx_ll_adc.o
LOAD Middlewares/Third_Party/FreeRTOS/Source/CMSIS_RTOS/cmsis_os.o
LOAD Middlewares/Third_Party/FreeRTOS/Source/croutine.o
LOAD Middlewares/Third_Party/FreeRTOS/Source/event_groups.o
LOAD Middlewares/Third_Party/FreeRTOS/Source/list.o
LOAD Middlewares/Third_Party/FreeRTOS/Source/queue.o
LOAD Middlewares/Third_Party/FreeRTOS/Source/stream_buffer.o
LOAD Middlewares/Third_Party/FreeRTOS/Source/tasks.o
LOAD Middlewares/Third_Party/FreeRTOS/Source/timers.o
LOAD Middlewares/Third_Party/FreeRTOS/Source/portable/GCC/ARM_CM4F/port.o
LOAD Middlewares/Third_Party/FreeRTOS/Source/portable/MemMang/heap_3.o
START GROUP
LOAD c:/st/stm32cubeide_1.6.1/stm32cubeide/plugins/com.st.stm32cube.ide.mcu.externaltools.gnu-tools-for-stm32.9-2020-q2-update.win32_1.5.0.202011040924/tools/bin/../lib/gcc/arm-none-eabi/9.3.1/../../../../arm-none-eabi/lib/thumb/v7e-m+fp/hard\libc_nano.a
LOAD c:/st/stm32cubeide_1.6.1/stm32cubeide/plugins/com.st.stm32cube.ide.mcu.externaltools.gnu-tools-for-stm32.9-2020-q2-update.win32_1.5.0.202011040924/tools/bin/../lib/gcc/arm-none-eabi/9.3.1/../../../../arm-none-eabi/lib/thumb/v7e-m+fp/hard\libm.a
END GROUP
START GROUP
LOAD c:/st/stm32cubeide_1.6.1/stm32cubeide/plugins/com.st.stm32cube.ide.mcu.externaltools.gnu-tools-for-stm32.9-2020-q2-update.win32_1.5.0.202011040924/tools/bin/../lib/gcc/arm-none-eabi/9.3.1/thumb/v7e-m+fp/hard\libgcc.a
LOAD c:/st/stm32cubeide_1.6.1/stm32cubeide/plugins/com.st.stm32cube.ide.mcu.externaltools.gnu-tools-for-stm32.9-2020-q2-update.win32_1.5.0.202011040924/tools/bin/../lib/gcc/arm-none-eabi/9.3.1/../../../../arm-none-eabi/lib/thumb/v7e-m+fp/hard\libc_nano.a
END GROUP
START GROUP
LOAD c:/st/stm32cubeide_1.6.1/stm32cubeide/plugins/com.st.stm32cube.ide.mcu.externaltools.gnu-tools-for-stm32.9-2020-q2-update.win32_1.5.0.202011040924/tools/bin/../lib/gcc/arm-none-eabi/9.3.1/thumb/v7e-m+fp/hard\libgcc.a
LOAD c:/st/stm32cubeide_1.6.1/stm32cubeide/plugins/com.st.stm32cube.ide.mcu.externaltools.gnu-tools-for-stm32.9-2020-q2-update.win32_1.5.0.202011040924/tools/bin/../lib/gcc/arm-none-eabi/9.3.1/../../../../arm-none-eabi/lib/thumb/v7e-m+fp/hard\libc_nano.a
LOAD c:/st/stm32cubeide_1.6.1/stm32cubeide/plugins/com.st.stm32cube.ide.mcu.externaltools.gnu-tools-for-stm32.9-2020-q2-update.win32_1.5.0.202011040924/tools/bin/../lib/gcc/arm-none-eabi/9.3.1/../../../../arm-none-eabi/lib/thumb/v7e-m+fp/hard\libnosys.a
END GROUP
START GROUP
LOAD c:/st/stm32cubeide_1.6.1/stm32cubeide/plugins/com.st.stm32cube.ide.mcu.externaltools.gnu-tools-for-stm32.9-2020-q2-update.win32_1.5.0.202011040924/tools/bin/../lib/gcc/arm-none-eabi/9.3.1/thumb/v7e-m+fp/hard\libgcc.a
LOAD c:/st/stm32cubeide_1.6.1/stm32cubeide/plugins/com.st.stm32cube.ide.mcu.externaltools.gnu-tools-for-stm32.9-2020-q2-update.win32_1.5.0.202011040924/tools/bin/../lib/gcc/arm-none-eabi/9.3.1/../../../../arm-none-eabi/lib/thumb/v7e-m+fp/hard\libc_nano.a
LOAD c:/st/stm32cubeide_1.6.1/stm32cubeide/plugins/com.st.stm32cube.ide.mcu.externaltools.gnu-tools-for-stm32.9-2020-q2-update.win32_1.5.0.202011040924/tools/bin/../lib/gcc/arm-none-eabi/9.3.1/../../../../arm-none-eabi/lib/thumb/v7e-m+fp/hard\libnosys.a
END GROUP
LOAD c:/st/stm32cubeide_1.6.1/stm32cubeide/plugins/com.st.stm32cube.ide.mcu.externaltools.gnu-tools-for-stm32.9-2020-q2-update.win32_1.5.0.202011040924/tools/bin/../lib/gcc/arm-none-eabi/9.3.1/thumb/v7e-m+fp/hard/crtend.o
LOAD c:/st/stm32cubeide_1.6.1/stm32cubeide/plugins/com.st.stm32cube.ide.mcu.externaltools.gnu-tools-for-stm32.9-2020-q2-update.win32_1.5.0.202011040924/tools/bin/../lib/gcc/arm-none-eabi/9.3.1/thumb/v7e-m+fp/hard/crtn.o
                0x0000000020020000                _estack = (ORIGIN (RAM) + LENGTH (RAM))
                0x0000000000000800                _Min_Heap_Size = 0x800
                0x0000000000001600                _Min_Stack_Size = 0x1600

.isr_vector     0x0000000008000000      0x188
                0x0000000008000000                . = ALIGN (0x4)
 *(.isr_vector)
 .isr_vector    0x0000000008000000      0x188 Core/Startup/startup_stm32f407zgtx.o
                0x0000000008000000                g_pfnVectors
                0x0000000008000188                . = ALIGN (0x4)

.text           0x0000000008000190     0x9fdc
                0x0000000008000190                . = ALIGN (0x4)
 *(.text)
 .text          0x0000000008000190       0x40 c:/st/stm32cubeide_1.6.1/stm32cubeide/plugins/com.st.stm32cube.ide.mcu.externaltools.gnu-tools-for-stm32.9-2020-q2-update.win32_1.5.0.202011040924/tools/bin/../lib/gcc/arm-none-eabi/9.3.1/thumb/v7e-m+fp/hard/crtbegin.o
 .text          0x00000000080001d0      0x378 c:/st/stm32cubeide_1.6.1/stm32cubeide/plugins/com.st.stm32cube.ide.mcu.externaltools.gnu-tools-for-stm32.9-2020-q2-update.win32_1.5.0.202011040924/tools/bin/../lib/gcc/arm-none-eabi/9.3.1/thumb/v7e-m+fp/hard\libgcc.a(_arm_addsubdf3.o)
                0x00000000080001d0                __aeabi_drsub
                0x00000000080001d8                __aeabi_dsub
                0x00000000080001d8                __subdf3
                0x00000000080001dc                __aeabi_dadd
                0x00000000080001dc                __adddf3
                0x0000000008000454                __floatunsidf
                0x0000000008000454                __aeabi_ui2d
                0x0000000008000474                __floatsidf
                0x0000000008000474                __aeabi_i2d
                0x0000000008000498                __aeabi_f2d
                0x0000000008000498                __extendsfdf2
                0x00000000080004dc                __floatundidf
                0x00000000080004dc                __aeabi_ul2d
                0x00000000080004ec                __floatdidf
                0x00000000080004ec                __aeabi_l2d
 .text          0x0000000008000548      0x424 c:/st/stm32cubeide_1.6.1/stm32cubeide/plugins/com.st.stm32cube.ide.mcu.externaltools.gnu-tools-for-stm32.9-2020-q2-update.win32_1.5.0.202011040924/tools/bin/../lib/gcc/arm-none-eabi/9.3.1/thumb/v7e-m+fp/hard\libgcc.a(_arm_muldivdf3.o)
                0x0000000008000548                __aeabi_dmul
                0x0000000008000548                __muldf3
                0x000000000800079c                __divdf3
                0x000000000800079c                __aeabi_ddiv
 .text          0x000000000800096c      0x110 c:/st/stm32cubeide_1.6.1/stm32cubeide/plugins/com.st.stm32cube.ide.mcu.externaltools.gnu-tools-for-stm32.9-2020-q2-update.win32_1.5.0.202011040924/tools/bin/../lib/gcc/arm-none-eabi/9.3.1/thumb/v7e-m+fp/hard\libgcc.a(_arm_cmpdf2.o)
                0x000000000800096c                __gtdf2
                0x000000000800096c                __gedf2
                0x0000000008000974                __ltdf2
                0x0000000008000974                __ledf2
                0x000000000800097c                __nedf2
                0x000000000800097c                __eqdf2
                0x000000000800097c                __cmpdf2
                0x00000000080009f8                __aeabi_cdrcmple
                0x0000000008000a08                __aeabi_cdcmpeq
                0x0000000008000a08                __aeabi_cdcmple
                0x0000000008000a18                __aeabi_dcmpeq
                0x0000000008000a2c                __aeabi_dcmplt
                0x0000000008000a40                __aeabi_dcmple
                0x0000000008000a54                __aeabi_dcmpge
                0x0000000008000a68                __aeabi_dcmpgt
 .text          0x0000000008000a7c       0x2c c:/st/stm32cubeide_1.6.1/stm32cubeide/plugins/com.st.stm32cube.ide.mcu.externaltools.gnu-tools-for-stm32.9-2020-q2-update.win32_1.5.0.202011040924/tools/bin/../lib/gcc/arm-none-eabi/9.3.1/thumb/v7e-m+fp/hard\libgcc.a(_arm_unorddf2.o)
                0x0000000008000a7c                __unorddf2
                0x0000000008000a7c                __aeabi_dcmpun
 .text          0x0000000008000aa8       0x50 c:/st/stm32cubeide_1.6.1/stm32cubeide/plugins/com.st.stm32cube.ide.mcu.externaltools.gnu-tools-for-stm32.9-2020-q2-update.win32_1.5.0.202011040924/tools/bin/../lib/gcc/arm-none-eabi/9.3.1/thumb/v7e-m+fp/hard\libgcc.a(_arm_fixdfsi.o)
                0x0000000008000aa8                __aeabi_d2iz
                0x0000000008000aa8                __fixdfsi
 .text          0x0000000008000af8       0xa0 c:/st/stm32cubeide_1.6.1/stm32cubeide/plugins/com.st.stm32cube.ide.mcu.externaltools.gnu-tools-for-stm32.9-2020-q2-update.win32_1.5.0.202011040924/tools/bin/../lib/gcc/arm-none-eabi/9.3.1/thumb/v7e-m+fp/hard\libgcc.a(_arm_truncdfsf2.o)
                0x0000000008000af8                __truncdfsf2
                0x0000000008000af8                __aeabi_d2f
 .text          0x0000000008000b98       0x30 c:/st/stm32cubeide_1.6.1/stm32cubeide/plugins/com.st.stm32cube.ide.mcu.externaltools.gnu-tools-for-stm32.9-2020-q2-update.win32_1.5.0.202011040924/tools/bin/../lib/gcc/arm-none-eabi/9.3.1/thumb/v7e-m+fp/hard\libgcc.a(_aeabi_uldivmod.o)
                0x0000000008000b98                __aeabi_uldivmod
 .text          0x0000000008000bc8      0x2c4 c:/st/stm32cubeide_1.6.1/stm32cubeide/plugins/com.st.stm32cube.ide.mcu.externaltools.gnu-tools-for-stm32.9-2020-q2-update.win32_1.5.0.202011040924/tools/bin/../lib/gcc/arm-none-eabi/9.3.1/thumb/v7e-m+fp/hard\libgcc.a(_udivmoddi4.o)
                0x0000000008000bc8                __udivmoddi4
 .text          0x0000000008000e8c        0x4 c:/st/stm32cubeide_1.6.1/stm32cubeide/plugins/com.st.stm32cube.ide.mcu.externaltools.gnu-tools-for-stm32.9-2020-q2-update.win32_1.5.0.202011040924/tools/bin/../lib/gcc/arm-none-eabi/9.3.1/thumb/v7e-m+fp/hard\libgcc.a(_dvmd_tls.o)
                0x0000000008000e8c                __aeabi_idiv0
                0x0000000008000e8c                __aeabi_ldiv0
 *(.text*)
 .text.MX_ADC1_Init
                0x0000000008000e90      0x124 Core/Src/adc.o
                0x0000000008000e90                MX_ADC1_Init
 .text.HAL_ADC_MspInit
                0x0000000008000fb4       0xc0 Core/Src/adc.o
                0x0000000008000fb4                HAL_ADC_MspInit
 .text.MX_DMA_Init
                0x0000000008001074       0x78 Core/Src/dma.o
                0x0000000008001074                MX_DMA_Init
 .text.GetSector
                0x00000000080010ec       0xc0 Core/Src/freertos.o
 .text.StartDefaultTask
                0x00000000080011ac        0xc Core/Src/freertos.o
                0x00000000080011ac                StartDefaultTask
 .text.StartSendTask
                0x00000000080011b8      0x104 Core/Src/freertos.o
                0x00000000080011b8                StartSendTask
 .text.StartDemoTask
                0x00000000080012bc        0xc Core/Src/freertos.o
                0x00000000080012bc                StartDemoTask
 .text.StartLedTask
                0x00000000080012c8       0x20 Core/Src/freertos.o
                0x00000000080012c8                StartLedTask
 .text.StartTestTask
                0x00000000080012e8       0x28 Core/Src/freertos.o
                0x00000000080012e8                StartTestTask
 .text.StartRobotTask
                0x0000000008001310      0x478 Core/Src/freertos.o
                0x0000000008001310                StartRobotTask
 .text.CRC16_Modbus
                0x0000000008001788       0x3c Core/Src/freertos.o
                0x0000000008001788                CRC16_Modbus
 .text.StartModbusTask
                0x00000000080017c4      0x310 Core/Src/freertos.o
                0x00000000080017c4                StartModbusTask
 .text.vApplicationGetIdleTaskMemory
                0x0000000008001ad4       0x18 Core/Src/freertos.o
                0x0000000008001ad4                vApplicationGetIdleTaskMemory
 .text.MX_FREERTOS_Init
                0x0000000008001aec       0xf8 Core/Src/freertos.o
                0x0000000008001aec                MX_FREERTOS_Init
 .text.MX_GPIO_Init
                0x0000000008001be4      0x170 Core/Src/gpio.o
                0x0000000008001be4                MX_GPIO_Init
 .text.SystemClock_Config
                0x0000000008001d54       0xa4 Core/Src/main.o
                0x0000000008001d54                SystemClock_Config
 .text.main     0x0000000008001df8       0x68 Core/Src/main.o
                0x0000000008001df8                main
 .text.HAL_TIM_OC_DelayElapsedCallback
                0x0000000008001e60     0x2b8c Core/Src/main.o
                0x0000000008001e60                HAL_TIM_OC_DelayElapsedCallback
 .text.Error_Handler
                0x00000000080049ec        0x4 Core/Src/main.o
                0x00000000080049ec                Error_Handler
 .text.HAL_MspInit
                0x00000000080049f0       0x44 Core/Src/stm32f4xx_hal_msp.o
                0x00000000080049f0                HAL_MspInit
 .text.NMI_Handler
                0x0000000008004a34        0x2 Core/Src/stm32f4xx_it.o
                0x0000000008004a34                NMI_Handler
 .text.HardFault_Handler
                0x0000000008004a36        0x2 Core/Src/stm32f4xx_it.o
                0x0000000008004a36                HardFault_Handler
 .text.MemManage_Handler
                0x0000000008004a38        0x2 Core/Src/stm32f4xx_it.o
                0x0000000008004a38                MemManage_Handler
 .text.BusFault_Handler
                0x0000000008004a3a        0x2 Core/Src/stm32f4xx_it.o
                0x0000000008004a3a                BusFault_Handler
 .text.UsageFault_Handler
                0x0000000008004a3c        0x2 Core/Src/stm32f4xx_it.o
                0x0000000008004a3c                UsageFault_Handler
 .text.DebugMon_Handler
                0x0000000008004a3e        0x2 Core/Src/stm32f4xx_it.o
                0x0000000008004a3e                DebugMon_Handler
 .text.SysTick_Handler
                0x0000000008004a40       0x16 Core/Src/stm32f4xx_it.o
                0x0000000008004a40                SysTick_Handler
 *fill*         0x0000000008004a56        0x2 
 .text.DMA1_Stream5_IRQHandler
                0x0000000008004a58       0x10 Core/Src/stm32f4xx_it.o
                0x0000000008004a58                DMA1_Stream5_IRQHandler
 .text.DMA1_Stream6_IRQHandler
                0x0000000008004a68       0x10 Core/Src/stm32f4xx_it.o
                0x0000000008004a68                DMA1_Stream6_IRQHandler
 .text.ADC_IRQHandler
                0x0000000008004a78       0x10 Core/Src/stm32f4xx_it.o
                0x0000000008004a78                ADC_IRQHandler
 .text.TIM1_CC_IRQHandler
                0x0000000008004a88       0x10 Core/Src/stm32f4xx_it.o
                0x0000000008004a88                TIM1_CC_IRQHandler
 .text.USART1_IRQHandler
                0x0000000008004a98       0x10 Core/Src/stm32f4xx_it.o
                0x0000000008004a98                USART1_IRQHandler
 .text.USART2_IRQHandler
                0x0000000008004aa8       0x10 Core/Src/stm32f4xx_it.o
                0x0000000008004aa8                USART2_IRQHandler
 .text.DMA2_Stream0_IRQHandler
                0x0000000008004ab8       0x10 Core/Src/stm32f4xx_it.o
                0x0000000008004ab8                DMA2_Stream0_IRQHandler
 .text.DMA2_Stream7_IRQHandler
                0x0000000008004ac8       0x10 Core/Src/stm32f4xx_it.o
                0x0000000008004ac8                DMA2_Stream7_IRQHandler
 .text._sbrk    0x0000000008004ad8       0x48 Core/Src/sysmem.o
                0x0000000008004ad8                _sbrk
 .text.SystemInit
                0x0000000008004b20       0x14 Core/Src/system_stm32f4xx.o
                0x0000000008004b20                SystemInit
 .text.MX_TIM1_Init
                0x0000000008004b34       0xac Core/Src/tim.o
                0x0000000008004b34                MX_TIM1_Init
 .text.HAL_TIM_OC_MspInit
                0x0000000008004be0       0x40 Core/Src/tim.o
                0x0000000008004be0                HAL_TIM_OC_MspInit
 .text.MX_USART1_UART_Init
                0x0000000008004c20       0x34 Core/Src/usart.o
                0x0000000008004c20                MX_USART1_UART_Init
 .text.MX_USART2_UART_Init
                0x0000000008004c54       0x34 Core/Src/usart.o
                0x0000000008004c54                MX_USART2_UART_Init
 .text.HAL_UART_MspInit
                0x0000000008004c88      0x1ac Core/Src/usart.o
                0x0000000008004c88                HAL_UART_MspInit
 .text.Reset_Handler
                0x0000000008004e34       0x50 Core/Startup/startup_stm32f407zgtx.o
                0x0000000008004e34                Reset_Handler
 .text.Default_Handler
                0x0000000008004e84        0x2 Core/Startup/startup_stm32f407zgtx.o
                0x0000000008004e84                RTC_Alarm_IRQHandler
                0x0000000008004e84                HASH_RNG_IRQHandler
                0x0000000008004e84                EXTI2_IRQHandler
                0x0000000008004e84                TIM8_CC_IRQHandler
                0x0000000008004e84                DMA2_Stream5_IRQHandler
                0x0000000008004e84                PVD_IRQHandler
                0x0000000008004e84                SDIO_IRQHandler
                0x0000000008004e84                TAMP_STAMP_IRQHandler
                0x0000000008004e84                CAN2_RX1_IRQHandler
                0x0000000008004e84                EXTI3_IRQHandler
                0x0000000008004e84                TIM8_TRG_COM_TIM14_IRQHandler
                0x0000000008004e84                TIM1_UP_TIM10_IRQHandler
                0x0000000008004e84                TIM8_UP_TIM13_IRQHandler
                0x0000000008004e84                I2C3_ER_IRQHandler
                0x0000000008004e84                EXTI0_IRQHandler
                0x0000000008004e84                I2C2_EV_IRQHandler
                0x0000000008004e84                DMA1_Stream2_IRQHandler
                0x0000000008004e84                CAN1_RX0_IRQHandler
                0x0000000008004e84                FPU_IRQHandler
                0x0000000008004e84                OTG_HS_WKUP_IRQHandler
                0x0000000008004e84                CAN2_SCE_IRQHandler
                0x0000000008004e84                DMA2_Stream2_IRQHandler
                0x0000000008004e84                SPI1_IRQHandler
                0x0000000008004e84                TIM6_DAC_IRQHandler
                0x0000000008004e84                TIM1_BRK_TIM9_IRQHandler
                0x0000000008004e84                DCMI_IRQHandler
                0x0000000008004e84                CAN2_RX0_IRQHandler
                0x0000000008004e84                DMA2_Stream3_IRQHandler
                0x0000000008004e84                USART6_IRQHandler
                0x0000000008004e84                USART3_IRQHandler
                0x0000000008004e84                CAN1_RX1_IRQHandler
                0x0000000008004e84                UART5_IRQHandler
                0x0000000008004e84                TIM4_IRQHandler
                0x0000000008004e84                I2C1_EV_IRQHandler
                0x0000000008004e84                DMA1_Stream1_IRQHandler
                0x0000000008004e84                UART4_IRQHandler
                0x0000000008004e84                TIM3_IRQHandler
                0x0000000008004e84                RCC_IRQHandler
                0x0000000008004e84                TIM8_BRK_TIM12_IRQHandler
                0x0000000008004e84                Default_Handler
                0x0000000008004e84                EXTI15_10_IRQHandler
                0x0000000008004e84                DMA1_Stream7_IRQHandler
                0x0000000008004e84                TIM7_IRQHandler
                0x0000000008004e84                CAN2_TX_IRQHandler
                0x0000000008004e84                TIM5_IRQHandler
                0x0000000008004e84                I2C3_EV_IRQHandler
                0x0000000008004e84                EXTI9_5_IRQHandler
                0x0000000008004e84                RTC_WKUP_IRQHandler
                0x0000000008004e84                ETH_WKUP_IRQHandler
                0x0000000008004e84                SPI2_IRQHandler
                0x0000000008004e84                OTG_HS_EP1_IN_IRQHandler
                0x0000000008004e84                DMA1_Stream0_IRQHandler
                0x0000000008004e84                CAN1_TX_IRQHandler
                0x0000000008004e84                EXTI4_IRQHandler
                0x0000000008004e84                FSMC_IRQHandler
                0x0000000008004e84                ETH_IRQHandler
                0x0000000008004e84                OTG_HS_EP1_OUT_IRQHandler
                0x0000000008004e84                WWDG_IRQHandler
                0x0000000008004e84                TIM2_IRQHandler
                0x0000000008004e84                OTG_FS_WKUP_IRQHandler
                0x0000000008004e84                TIM1_TRG_COM_TIM11_IRQHandler
                0x0000000008004e84                OTG_HS_IRQHandler
                0x0000000008004e84                EXTI1_IRQHandler
                0x0000000008004e84                I2C2_ER_IRQHandler
                0x0000000008004e84                DMA2_Stream1_IRQHandler
                0x0000000008004e84                CAN1_SCE_IRQHandler
                0x0000000008004e84                FLASH_IRQHandler
                0x0000000008004e84                DMA2_Stream4_IRQHandler
                0x0000000008004e84                OTG_FS_IRQHandler
                0x0000000008004e84                SPI3_IRQHandler
                0x0000000008004e84                DMA1_Stream4_IRQHandler
                0x0000000008004e84                I2C1_ER_IRQHandler
                0x0000000008004e84                DMA2_Stream6_IRQHandler
                0x0000000008004e84                DMA1_Stream3_IRQHandler
 *fill*         0x0000000008004e86        0x2 
 .text.HAL_InitTick
                0x0000000008004e88       0x4c Drivers/STM32F4xx_HAL_Driver/Src/stm32f4xx_hal.o
                0x0000000008004e88                HAL_InitTick
 .text.HAL_Init
                0x0000000008004ed4       0x34 Drivers/STM32F4xx_HAL_Driver/Src/stm32f4xx_hal.o
                0x0000000008004ed4                HAL_Init
 .text.HAL_IncTick
                0x0000000008004f08       0x18 Drivers/STM32F4xx_HAL_Driver/Src/stm32f4xx_hal.o
                0x0000000008004f08                HAL_IncTick
 .text.HAL_GetTick
                0x0000000008004f20        0xc Drivers/STM32F4xx_HAL_Driver/Src/stm32f4xx_hal.o
                0x0000000008004f20                HAL_GetTick
 .text.HAL_ADC_Init
                0x0000000008004f2c      0x184 Drivers/STM32F4xx_HAL_Driver/Src/stm32f4xx_hal_adc.o
                0x0000000008004f2c                HAL_ADC_Init
 .text.HAL_ADC_Start_DMA
                0x00000000080050b0      0x1a0 Drivers/STM32F4xx_HAL_Driver/Src/stm32f4xx_hal_adc.o
                0x00000000080050b0                HAL_ADC_Start_DMA
 .text.HAL_ADC_ConvCpltCallback
                0x0000000008005250        0x2 Drivers/STM32F4xx_HAL_Driver/Src/stm32f4xx_hal_adc.o
                0x0000000008005250                HAL_ADC_ConvCpltCallback
 .text.HAL_ADC_ConvHalfCpltCallback
                0x0000000008005252        0x2 Drivers/STM32F4xx_HAL_Driver/Src/stm32f4xx_hal_adc.o
                0x0000000008005252                HAL_ADC_ConvHalfCpltCallback
 .text.ADC_DMAHalfConvCplt
                0x0000000008005254        0xa Drivers/STM32F4xx_HAL_Driver/Src/stm32f4xx_hal_adc.o
 .text.HAL_ADC_LevelOutOfWindowCallback
                0x000000000800525e        0x2 Drivers/STM32F4xx_HAL_Driver/Src/stm32f4xx_hal_adc.o
                0x000000000800525e                HAL_ADC_LevelOutOfWindowCallback
 .text.HAL_ADC_ErrorCallback
                0x0000000008005260        0x2 Drivers/STM32F4xx_HAL_Driver/Src/stm32f4xx_hal_adc.o
                0x0000000008005260                HAL_ADC_ErrorCallback
 .text.HAL_ADC_IRQHandler
                0x0000000008005262      0x14c Drivers/STM32F4xx_HAL_Driver/Src/stm32f4xx_hal_adc.o
                0x0000000008005262                HAL_ADC_IRQHandler
 .text.ADC_DMAError
                0x00000000080053ae       0x16 Drivers/STM32F4xx_HAL_Driver/Src/stm32f4xx_hal_adc.o
 .text.ADC_DMAConvCplt
                0x00000000080053c4       0x72 Drivers/STM32F4xx_HAL_Driver/Src/stm32f4xx_hal_adc.o
 *fill*         0x0000000008005436        0x2 
 .text.HAL_ADC_ConfigChannel
                0x0000000008005438      0x194 Drivers/STM32F4xx_HAL_Driver/Src/stm32f4xx_hal_adc.o
                0x0000000008005438                HAL_ADC_ConfigChannel
 .text.HAL_ADCEx_InjectedConvCpltCallback
                0x00000000080055cc        0x2 Drivers/STM32F4xx_HAL_Driver/Src/stm32f4xx_hal_adc_ex.o
                0x00000000080055cc                HAL_ADCEx_InjectedConvCpltCallback
 *fill*         0x00000000080055ce        0x2 
 .text.HAL_NVIC_SetPriorityGrouping
                0x00000000080055d0       0x24 Drivers/STM32F4xx_HAL_Driver/Src/stm32f4xx_hal_cortex.o
                0x00000000080055d0                HAL_NVIC_SetPriorityGrouping
 .text.HAL_NVIC_SetPriority
                0x00000000080055f4       0x64 Drivers/STM32F4xx_HAL_Driver/Src/stm32f4xx_hal_cortex.o
                0x00000000080055f4                HAL_NVIC_SetPriority
 .text.HAL_NVIC_EnableIRQ
                0x0000000008005658       0x1c Drivers/STM32F4xx_HAL_Driver/Src/stm32f4xx_hal_cortex.o
                0x0000000008005658                HAL_NVIC_EnableIRQ
 .text.HAL_SYSTICK_Config
                0x0000000008005674       0x2c Drivers/STM32F4xx_HAL_Driver/Src/stm32f4xx_hal_cortex.o
                0x0000000008005674                HAL_SYSTICK_Config
 .text.DMA_CalcBaseAndBitshift
                0x00000000080056a0       0x40 Drivers/STM32F4xx_HAL_Driver/Src/stm32f4xx_hal_dma.o
 .text.HAL_DMA_Init
                0x00000000080056e0      0x130 Drivers/STM32F4xx_HAL_Driver/Src/stm32f4xx_hal_dma.o
                0x00000000080056e0                HAL_DMA_Init
 .text.HAL_DMA_Start_IT
                0x0000000008005810       0x8a Drivers/STM32F4xx_HAL_Driver/Src/stm32f4xx_hal_dma.o
                0x0000000008005810                HAL_DMA_Start_IT
 .text.HAL_DMA_Abort
                0x000000000800589a       0x94 Drivers/STM32F4xx_HAL_Driver/Src/stm32f4xx_hal_dma.o
                0x000000000800589a                HAL_DMA_Abort
 .text.HAL_DMA_Abort_IT
                0x000000000800592e       0x26 Drivers/STM32F4xx_HAL_Driver/Src/stm32f4xx_hal_dma.o
                0x000000000800592e                HAL_DMA_Abort_IT
 .text.HAL_DMA_IRQHandler
                0x0000000008005954      0x1dc Drivers/STM32F4xx_HAL_Driver/Src/stm32f4xx_hal_dma.o
                0x0000000008005954                HAL_DMA_IRQHandler
 .text.FLASH_Program_DoubleWord
                0x0000000008005b30       0x30 Drivers/STM32F4xx_HAL_Driver/Src/stm32f4xx_hal_flash.o
 .text.FLASH_Program_Word
                0x0000000008005b60       0x24 Drivers/STM32F4xx_HAL_Driver/Src/stm32f4xx_hal_flash.o
 .text.FLASH_Program_HalfWord
                0x0000000008005b84       0x24 Drivers/STM32F4xx_HAL_Driver/Src/stm32f4xx_hal_flash.o
 .text.FLASH_SetErrorCode
                0x0000000008005ba8       0x8c Drivers/STM32F4xx_HAL_Driver/Src/stm32f4xx_hal_flash.o
 .text.HAL_FLASH_Unlock
                0x0000000008005c34       0x28 Drivers/STM32F4xx_HAL_Driver/Src/stm32f4xx_hal_flash.o
                0x0000000008005c34                HAL_FLASH_Unlock
 .text.HAL_FLASH_Lock
                0x0000000008005c5c       0x14 Drivers/STM32F4xx_HAL_Driver/Src/stm32f4xx_hal_flash.o
                0x0000000008005c5c                HAL_FLASH_Lock
 .text.FLASH_WaitForLastOperation
                0x0000000008005c70       0x64 Drivers/STM32F4xx_HAL_Driver/Src/stm32f4xx_hal_flash.o
                0x0000000008005c70                FLASH_WaitForLastOperation
 .text.HAL_FLASH_Program
                0x0000000008005cd4       0x8c Drivers/STM32F4xx_HAL_Driver/Src/stm32f4xx_hal_flash.o
                0x0000000008005cd4                HAL_FLASH_Program
 .text.FLASH_MassErase
                0x0000000008005d60       0x24 Drivers/STM32F4xx_HAL_Driver/Src/stm32f4xx_hal_flash_ex.o
 .text.FLASH_Erase_Sector
                0x0000000008005d84       0x54 Drivers/STM32F4xx_HAL_Driver/Src/stm32f4xx_hal_flash_ex.o
                0x0000000008005d84                FLASH_Erase_Sector
 .text.FLASH_FlushCaches
                0x0000000008005dd8       0x60 Drivers/STM32F4xx_HAL_Driver/Src/stm32f4xx_hal_flash_ex.o
                0x0000000008005dd8                FLASH_FlushCaches
 .text.HAL_FLASHEx_Erase
                0x0000000008005e38       0xa8 Drivers/STM32F4xx_HAL_Driver/Src/stm32f4xx_hal_flash_ex.o
                0x0000000008005e38                HAL_FLASHEx_Erase
 .text.HAL_GPIO_Init
                0x0000000008005ee0      0x1f0 Drivers/STM32F4xx_HAL_Driver/Src/stm32f4xx_hal_gpio.o
                0x0000000008005ee0                HAL_GPIO_Init
 .text.HAL_GPIO_WritePin
                0x00000000080060d0        0xc Drivers/STM32F4xx_HAL_Driver/Src/stm32f4xx_hal_gpio.o
                0x00000000080060d0                HAL_GPIO_WritePin
 .text.HAL_GPIO_TogglePin
                0x00000000080060dc       0x12 Drivers/STM32F4xx_HAL_Driver/Src/stm32f4xx_hal_gpio.o
                0x00000000080060dc                HAL_GPIO_TogglePin
 *fill*         0x00000000080060ee        0x2 
 .text.HAL_RCC_OscConfig
                0x00000000080060f0      0x3fc Drivers/STM32F4xx_HAL_Driver/Src/stm32f4xx_hal_rcc.o
                0x00000000080060f0                HAL_RCC_OscConfig
 .text.HAL_RCC_GetSysClockFreq
                0x00000000080064ec       0xcc Drivers/STM32F4xx_HAL_Driver/Src/stm32f4xx_hal_rcc.o
                0x00000000080064ec                HAL_RCC_GetSysClockFreq
 .text.HAL_RCC_ClockConfig
                0x00000000080065b8      0x164 Drivers/STM32F4xx_HAL_Driver/Src/stm32f4xx_hal_rcc.o
                0x00000000080065b8                HAL_RCC_ClockConfig
 .text.HAL_RCC_GetPCLK1Freq
                0x000000000800671c       0x20 Drivers/STM32F4xx_HAL_Driver/Src/stm32f4xx_hal_rcc.o
                0x000000000800671c                HAL_RCC_GetPCLK1Freq
 .text.HAL_RCC_GetPCLK2Freq
                0x000000000800673c       0x20 Drivers/STM32F4xx_HAL_Driver/Src/stm32f4xx_hal_rcc.o
                0x000000000800673c                HAL_RCC_GetPCLK2Freq
 .text.TIM_OC1_SetConfig
                0x000000000800675c       0x68 Drivers/STM32F4xx_HAL_Driver/Src/stm32f4xx_hal_tim.o
 .text.TIM_OC3_SetConfig
                0x00000000080067c4       0x70 Drivers/STM32F4xx_HAL_Driver/Src/stm32f4xx_hal_tim.o
 .text.TIM_OC4_SetConfig
                0x0000000008006834       0x50 Drivers/STM32F4xx_HAL_Driver/Src/stm32f4xx_hal_tim.o
 .text.HAL_TIM_Base_Start_IT
                0x0000000008006884       0x88 Drivers/STM32F4xx_HAL_Driver/Src/stm32f4xx_hal_tim.o
                0x0000000008006884                HAL_TIM_Base_Start_IT
 .text.HAL_TIM_PeriodElapsedCallback
                0x000000000800690c        0x2 Drivers/STM32F4xx_HAL_Driver/Src/stm32f4xx_hal_tim.o
                0x000000000800690c                HAL_TIM_PeriodElapsedCallback
 .text.HAL_TIM_IC_CaptureCallback
                0x000000000800690e        0x2 Drivers/STM32F4xx_HAL_Driver/Src/stm32f4xx_hal_tim.o
                0x000000000800690e                HAL_TIM_IC_CaptureCallback
 .text.HAL_TIM_PWM_PulseFinishedCallback
                0x0000000008006910        0x2 Drivers/STM32F4xx_HAL_Driver/Src/stm32f4xx_hal_tim.o
                0x0000000008006910                HAL_TIM_PWM_PulseFinishedCallback
 .text.HAL_TIM_TriggerCallback
                0x0000000008006912        0x2 Drivers/STM32F4xx_HAL_Driver/Src/stm32f4xx_hal_tim.o
                0x0000000008006912                HAL_TIM_TriggerCallback
 .text.HAL_TIM_IRQHandler
                0x0000000008006914      0x17a Drivers/STM32F4xx_HAL_Driver/Src/stm32f4xx_hal_tim.o
                0x0000000008006914                HAL_TIM_IRQHandler
 *fill*         0x0000000008006a8e        0x2 
 .text.TIM_Base_SetConfig
                0x0000000008006a90      0x108 Drivers/STM32F4xx_HAL_Driver/Src/stm32f4xx_hal_tim.o
                0x0000000008006a90                TIM_Base_SetConfig
 .text.HAL_TIM_OC_Init
                0x0000000008006b98       0x58 Drivers/STM32F4xx_HAL_Driver/Src/stm32f4xx_hal_tim.o
                0x0000000008006b98                HAL_TIM_OC_Init
 .text.TIM_OC2_SetConfig
                0x0000000008006bf0       0x70 Drivers/STM32F4xx_HAL_Driver/Src/stm32f4xx_hal_tim.o
                0x0000000008006bf0                TIM_OC2_SetConfig
 .text.HAL_TIM_OC_ConfigChannel
                0x0000000008006c60       0x52 Drivers/STM32F4xx_HAL_Driver/Src/stm32f4xx_hal_tim.o
                0x0000000008006c60                HAL_TIM_OC_ConfigChannel
 .text.TIM_CCxChannelCmd
                0x0000000008006cb2       0x20 Drivers/STM32F4xx_HAL_Driver/Src/stm32f4xx_hal_tim.o
                0x0000000008006cb2                TIM_CCxChannelCmd
 *fill*         0x0000000008006cd2        0x2 
 .text.HAL_TIM_OC_Start_IT
                0x0000000008006cd4      0x160 Drivers/STM32F4xx_HAL_Driver/Src/stm32f4xx_hal_tim.o
                0x0000000008006cd4                HAL_TIM_OC_Start_IT
 .text.HAL_TIMEx_MasterConfigSynchronization
                0x0000000008006e34       0x88 Drivers/STM32F4xx_HAL_Driver/Src/stm32f4xx_hal_tim_ex.o
                0x0000000008006e34                HAL_TIMEx_MasterConfigSynchronization
 .text.HAL_TIMEx_ConfigBreakDeadTime
                0x0000000008006ebc       0x52 Drivers/STM32F4xx_HAL_Driver/Src/stm32f4xx_hal_tim_ex.o
                0x0000000008006ebc                HAL_TIMEx_ConfigBreakDeadTime
 .text.HAL_TIMEx_CommutCallback
                0x0000000008006f0e        0x2 Drivers/STM32F4xx_HAL_Driver/Src/stm32f4xx_hal_tim_ex.o
                0x0000000008006f0e                HAL_TIMEx_CommutCallback
 .text.HAL_TIMEx_BreakCallback
                0x0000000008006f10        0x2 Drivers/STM32F4xx_HAL_Driver/Src/stm32f4xx_hal_tim_ex.o
                0x0000000008006f10                HAL_TIMEx_BreakCallback
 .text.UART_EndRxTransfer
                0x0000000008006f12       0x32 Drivers/STM32F4xx_HAL_Driver/Src/stm32f4xx_hal_uart.o
 .text.UART_SetConfig
                0x0000000008006f44      0x110 Drivers/STM32F4xx_HAL_Driver/Src/stm32f4xx_hal_uart.o
 .text.HAL_UART_Init
                0x0000000008007054       0x5e Drivers/STM32F4xx_HAL_Driver/Src/stm32f4xx_hal_uart.o
                0x0000000008007054                HAL_UART_Init
 *fill*         0x00000000080070b2        0x2 
 .text.HAL_UART_Transmit_DMA
                0x00000000080070b4       0x8c Drivers/STM32F4xx_HAL_Driver/Src/stm32f4xx_hal_uart.o
                0x00000000080070b4                HAL_UART_Transmit_DMA
 .text.HAL_UART_TxCpltCallback
                0x0000000008007140        0x2 Drivers/STM32F4xx_HAL_Driver/Src/stm32f4xx_hal_uart.o
                0x0000000008007140                HAL_UART_TxCpltCallback
 .text.UART_DMATransmitCplt
                0x0000000008007142       0x30 Drivers/STM32F4xx_HAL_Driver/Src/stm32f4xx_hal_uart.o
 .text.HAL_UART_TxHalfCpltCallback
                0x0000000008007172        0x2 Drivers/STM32F4xx_HAL_Driver/Src/stm32f4xx_hal_uart.o
                0x0000000008007172                HAL_UART_TxHalfCpltCallback
 .text.UART_DMATxHalfCplt
                0x0000000008007174        0xa Drivers/STM32F4xx_HAL_Driver/Src/stm32f4xx_hal_uart.o
 .text.HAL_UART_RxCpltCallback
                0x000000000800717e        0x2 Drivers/STM32F4xx_HAL_Driver/Src/stm32f4xx_hal_uart.o
                0x000000000800717e                HAL_UART_RxCpltCallback
 .text.HAL_UART_RxHalfCpltCallback
                0x0000000008007180        0x2 Drivers/STM32F4xx_HAL_Driver/Src/stm32f4xx_hal_uart.o
                0x0000000008007180                HAL_UART_RxHalfCpltCallback
 .text.HAL_UART_ErrorCallback
                0x0000000008007182        0x2 Drivers/STM32F4xx_HAL_Driver/Src/stm32f4xx_hal_uart.o
                0x0000000008007182                HAL_UART_ErrorCallback
 .text.UART_DMAError
                0x0000000008007184       0x5c Drivers/STM32F4xx_HAL_Driver/Src/stm32f4xx_hal_uart.o
 .text.UART_DMAAbortOnError
                0x00000000080071e0       0x10 Drivers/STM32F4xx_HAL_Driver/Src/stm32f4xx_hal_uart.o
 .text.HAL_UARTEx_RxEventCallback
                0x00000000080071f0        0x2 Drivers/STM32F4xx_HAL_Driver/Src/stm32f4xx_hal_uart.o
                0x00000000080071f0                HAL_UARTEx_RxEventCallback
 .text.UART_Receive_IT
                0x00000000080071f2       0xb2 Drivers/STM32F4xx_HAL_Driver/Src/stm32f4xx_hal_uart.o
 .text.HAL_UART_IRQHandler
                0x00000000080072a4      0x274 Drivers/STM32F4xx_HAL_Driver/Src/stm32f4xx_hal_uart.o
                0x00000000080072a4                HAL_UART_IRQHandler
 .text.UART_DMARxHalfCplt
                0x0000000008007518       0x1a Drivers/STM32F4xx_HAL_Driver/Src/stm32f4xx_hal_uart.o
 .text.UART_DMAReceiveCplt
                0x0000000008007532       0x5e Drivers/STM32F4xx_HAL_Driver/Src/stm32f4xx_hal_uart.o
 .text.UART_Start_Receive_DMA
                0x0000000008007590       0x78 Drivers/STM32F4xx_HAL_Driver/Src/stm32f4xx_hal_uart.o
                0x0000000008007590                UART_Start_Receive_DMA
 .text.HAL_UART_Receive_DMA
                0x0000000008007608       0x38 Drivers/STM32F4xx_HAL_Driver/Src/stm32f4xx_hal_uart.o
                0x0000000008007608                HAL_UART_Receive_DMA
 .text.osKernelStart
                0x0000000008007640        0xa Middlewares/Third_Party/FreeRTOS/Source/CMSIS_RTOS/cmsis_os.o
                0x0000000008007640                osKernelStart
 .text.osThreadCreate
                0x000000000800764a       0x58 Middlewares/Third_Party/FreeRTOS/Source/CMSIS_RTOS/cmsis_os.o
                0x000000000800764a                osThreadCreate
 .text.osDelay  0x00000000080076a2       0x10 Middlewares/Third_Party/FreeRTOS/Source/CMSIS_RTOS/cmsis_os.o
                0x00000000080076a2                osDelay
 .text.vListInitialise
                0x00000000080076b2       0x16 Middlewares/Third_Party/FreeRTOS/Source/list.o
                0x00000000080076b2                vListInitialise
 .text.vListInitialiseItem
                0x00000000080076c8        0x6 Middlewares/Third_Party/FreeRTOS/Source/list.o
                0x00000000080076c8                vListInitialiseItem
 .text.vListInsertEnd
                0x00000000080076ce       0x16 Middlewares/Third_Party/FreeRTOS/Source/list.o
                0x00000000080076ce                vListInsertEnd
 .text.vListInsert
                0x00000000080076e4       0x32 Middlewares/Third_Party/FreeRTOS/Source/list.o
                0x00000000080076e4                vListInsert
 .text.uxListRemove
                0x0000000008007716       0x24 Middlewares/Third_Party/FreeRTOS/Source/list.o
                0x0000000008007716                uxListRemove
 *fill*         0x000000000800773a        0x2 
 .text.prvResetNextTaskUnblockTime
                0x000000000800773c       0x2c Middlewares/Third_Party/FreeRTOS/Source/tasks.o
 .text.prvInitialiseNewTask
                0x0000000008007768       0x94 Middlewares/Third_Party/FreeRTOS/Source/tasks.o
 .text.prvAddNewTaskToReadyList
                0x00000000080077fc      0x124 Middlewares/Third_Party/FreeRTOS/Source/tasks.o
 .text.prvDeleteTCB
                0x0000000008007920       0x38 Middlewares/Third_Party/FreeRTOS/Source/tasks.o
 .text.prvIdleTask
                0x0000000008007958       0x68 Middlewares/Third_Party/FreeRTOS/Source/tasks.o
 .text.prvAddCurrentTaskToDelayedList
                0x00000000080079c0       0x98 Middlewares/Third_Party/FreeRTOS/Source/tasks.o
 .text.xTaskCreateStatic
                0x0000000008007a58       0x74 Middlewares/Third_Party/FreeRTOS/Source/tasks.o
                0x0000000008007a58                xTaskCreateStatic
 .text.xTaskCreate
                0x0000000008007acc       0x64 Middlewares/Third_Party/FreeRTOS/Source/tasks.o
                0x0000000008007acc                xTaskCreate
 .text.vTaskStartScheduler
                0x0000000008007b30       0x6c Middlewares/Third_Party/FreeRTOS/Source/tasks.o
                0x0000000008007b30                vTaskStartScheduler
 .text.vTaskSuspendAll
                0x0000000008007b9c       0x10 Middlewares/Third_Party/FreeRTOS/Source/tasks.o
                0x0000000008007b9c                vTaskSuspendAll
 .text.xTaskIncrementTick
                0x0000000008007bac      0x134 Middlewares/Third_Party/FreeRTOS/Source/tasks.o
                0x0000000008007bac                xTaskIncrementTick
 .text.xTaskResumeAll
                0x0000000008007ce0      0x108 Middlewares/Third_Party/FreeRTOS/Source/tasks.o
                0x0000000008007ce0                xTaskResumeAll
 .text.vTaskDelay
                0x0000000008007de8       0x4c Middlewares/Third_Party/FreeRTOS/Source/tasks.o
                0x0000000008007de8                vTaskDelay
 .text.vTaskSwitchContext
                0x0000000008007e34       0x94 Middlewares/Third_Party/FreeRTOS/Source/tasks.o
                0x0000000008007e34                vTaskSwitchContext
 .text.xTaskGetSchedulerState
                0x0000000008007ec8       0x20 Middlewares/Third_Party/FreeRTOS/Source/tasks.o
                0x0000000008007ec8                xTaskGetSchedulerState
 .text.prvTaskExitError
                0x0000000008007ee8       0x40 Middlewares/Third_Party/FreeRTOS/Source/portable/GCC/ARM_CM4F/port.o
 .text.prvPortStartFirstTask
                0x0000000008007f28       0x28 Middlewares/Third_Party/FreeRTOS/Source/portable/GCC/ARM_CM4F/port.o
 .text.vPortEnableVFP
                0x0000000008007f50       0x14 Middlewares/Third_Party/FreeRTOS/Source/portable/GCC/ARM_CM4F/port.o
 .text.pxPortInitialiseStack
                0x0000000008007f64       0x2c Middlewares/Third_Party/FreeRTOS/Source/portable/GCC/ARM_CM4F/port.o
                0x0000000008007f64                pxPortInitialiseStack
 .text.SVC_Handler
                0x0000000008007f90       0x24 Middlewares/Third_Party/FreeRTOS/Source/portable/GCC/ARM_CM4F/port.o
                0x0000000008007f90                SVC_Handler
 .text.vPortEnterCritical
                0x0000000008007fb4       0x44 Middlewares/Third_Party/FreeRTOS/Source/portable/GCC/ARM_CM4F/port.o
                0x0000000008007fb4                vPortEnterCritical
 .text.vPortExitCritical
                0x0000000008007ff8       0x2c Middlewares/Third_Party/FreeRTOS/Source/portable/GCC/ARM_CM4F/port.o
                0x0000000008007ff8                vPortExitCritical
 *fill*         0x0000000008008024        0xc 
 .text.PendSV_Handler
                0x0000000008008030       0x64 Middlewares/Third_Party/FreeRTOS/Source/portable/GCC/ARM_CM4F/port.o
                0x0000000008008030                PendSV_Handler
 .text.xPortSysTickHandler
                0x0000000008008094       0x2c Middlewares/Third_Party/FreeRTOS/Source/portable/GCC/ARM_CM4F/port.o
                0x0000000008008094                xPortSysTickHandler
 .text.vPortSetupTimerInterrupt
                0x00000000080080c0       0x38 Middlewares/Third_Party/FreeRTOS/Source/portable/GCC/ARM_CM4F/port.o
                0x00000000080080c0                vPortSetupTimerInterrupt
 .text.xPortStartScheduler
                0x00000000080080f8      0x114 Middlewares/Third_Party/FreeRTOS/Source/portable/GCC/ARM_CM4F/port.o
                0x00000000080080f8                xPortStartScheduler
 .text.pvPortMalloc
                0x000000000800820c       0x18 Middlewares/Third_Party/FreeRTOS/Source/portable/MemMang/heap_3.o
                0x000000000800820c                pvPortMalloc
 .text.vPortFree
                0x0000000008008224       0x18 Middlewares/Third_Party/FreeRTOS/Source/portable/MemMang/heap_3.o
                0x0000000008008224                vPortFree
 .text.__errno  0x000000000800823c        0xc c:/st/stm32cubeide_1.6.1/stm32cubeide/plugins/com.st.stm32cube.ide.mcu.externaltools.gnu-tools-for-stm32.9-2020-q2-update.win32_1.5.0.202011040924/tools/bin/../lib/gcc/arm-none-eabi/9.3.1/../../../../arm-none-eabi/lib/thumb/v7e-m+fp/hard\libc_nano.a(lib_a-errno.o)
                0x000000000800823c                __errno
 .text.__libc_init_array
                0x0000000008008248       0x48 c:/st/stm32cubeide_1.6.1/stm32cubeide/plugins/com.st.stm32cube.ide.mcu.externaltools.gnu-tools-for-stm32.9-2020-q2-update.win32_1.5.0.202011040924/tools/bin/../lib/gcc/arm-none-eabi/9.3.1/../../../../arm-none-eabi/lib/thumb/v7e-m+fp/hard\libc_nano.a(lib_a-init.o)
                0x0000000008008248                __libc_init_array
 .text.malloc   0x0000000008008290       0x10 c:/st/stm32cubeide_1.6.1/stm32cubeide/plugins/com.st.stm32cube.ide.mcu.externaltools.gnu-tools-for-stm32.9-2020-q2-update.win32_1.5.0.202011040924/tools/bin/../lib/gcc/arm-none-eabi/9.3.1/../../../../arm-none-eabi/lib/thumb/v7e-m+fp/hard\libc_nano.a(lib_a-malloc.o)
                0x0000000008008290                malloc
 .text.free     0x00000000080082a0       0x10 c:/st/stm32cubeide_1.6.1/stm32cubeide/plugins/com.st.stm32cube.ide.mcu.externaltools.gnu-tools-for-stm32.9-2020-q2-update.win32_1.5.0.202011040924/tools/bin/../lib/gcc/arm-none-eabi/9.3.1/../../../../arm-none-eabi/lib/thumb/v7e-m+fp/hard\libc_nano.a(lib_a-malloc.o)
                0x00000000080082a0                free
 .text.memset   0x00000000080082b0       0x10 c:/st/stm32cubeide_1.6.1/stm32cubeide/plugins/com.st.stm32cube.ide.mcu.externaltools.gnu-tools-for-stm32.9-2020-q2-update.win32_1.5.0.202011040924/tools/bin/../lib/gcc/arm-none-eabi/9.3.1/../../../../arm-none-eabi/lib/thumb/v7e-m+fp/hard\libc_nano.a(lib_a-memset.o)
                0x00000000080082b0                memset
 .text._free_r  0x00000000080082c0       0xa0 c:/st/stm32cubeide_1.6.1/stm32cubeide/plugins/com.st.stm32cube.ide.mcu.externaltools.gnu-tools-for-stm32.9-2020-q2-update.win32_1.5.0.202011040924/tools/bin/../lib/gcc/arm-none-eabi/9.3.1/../../../../arm-none-eabi/lib/thumb/v7e-m+fp/hard\libc_nano.a(lib_a-nano-freer.o)
                0x00000000080082c0                _free_r
 .text._malloc_r
                0x0000000008008360       0xb4 c:/st/stm32cubeide_1.6.1/stm32cubeide/plugins/com.st.stm32cube.ide.mcu.externaltools.gnu-tools-for-stm32.9-2020-q2-update.win32_1.5.0.202011040924/tools/bin/../lib/gcc/arm-none-eabi/9.3.1/../../../../arm-none-eabi/lib/thumb/v7e-m+fp/hard\libc_nano.a(lib_a-nano-mallocr.o)
                0x0000000008008360                _malloc_r
 .text._sbrk_r  0x0000000008008414       0x20 c:/st/stm32cubeide_1.6.1/stm32cubeide/plugins/com.st.stm32cube.ide.mcu.externaltools.gnu-tools-for-stm32.9-2020-q2-update.win32_1.5.0.202011040924/tools/bin/../lib/gcc/arm-none-eabi/9.3.1/../../../../arm-none-eabi/lib/thumb/v7e-m+fp/hard\libc_nano.a(lib_a-sbrkr.o)
                0x0000000008008414                _sbrk_r
 .text.__malloc_lock
                0x0000000008008434        0xc c:/st/stm32cubeide_1.6.1/stm32cubeide/plugins/com.st.stm32cube.ide.mcu.externaltools.gnu-tools-for-stm32.9-2020-q2-update.win32_1.5.0.202011040924/tools/bin/../lib/gcc/arm-none-eabi/9.3.1/../../../../arm-none-eabi/lib/thumb/v7e-m+fp/hard\libc_nano.a(lib_a-mlock.o)
                0x0000000008008434                __malloc_lock
 .text.__malloc_unlock
                0x0000000008008440        0xc c:/st/stm32cubeide_1.6.1/stm32cubeide/plugins/com.st.stm32cube.ide.mcu.externaltools.gnu-tools-for-stm32.9-2020-q2-update.win32_1.5.0.202011040924/tools/bin/../lib/gcc/arm-none-eabi/9.3.1/../../../../arm-none-eabi/lib/thumb/v7e-m+fp/hard\libc_nano.a(lib_a-mlock.o)
                0x0000000008008440                __malloc_unlock
 .text.__retarget_lock_acquire_recursive
                0x000000000800844c        0x2 c:/st/stm32cubeide_1.6.1/stm32cubeide/plugins/com.st.stm32cube.ide.mcu.externaltools.gnu-tools-for-stm32.9-2020-q2-update.win32_1.5.0.202011040924/tools/bin/../lib/gcc/arm-none-eabi/9.3.1/../../../../arm-none-eabi/lib/thumb/v7e-m+fp/hard\libc_nano.a(lib_a-lock.o)
                0x000000000800844c                __retarget_lock_acquire_recursive
 .text.__retarget_lock_release_recursive
                0x000000000800844e        0x2 c:/st/stm32cubeide_1.6.1/stm32cubeide/plugins/com.st.stm32cube.ide.mcu.externaltools.gnu-tools-for-stm32.9-2020-q2-update.win32_1.5.0.202011040924/tools/bin/../lib/gcc/arm-none-eabi/9.3.1/../../../../arm-none-eabi/lib/thumb/v7e-m+fp/hard\libc_nano.a(lib_a-lock.o)
                0x000000000800844e                __retarget_lock_release_recursive
 .text.cos      0x0000000008008450       0xa0 c:/st/stm32cubeide_1.6.1/stm32cubeide/plugins/com.st.stm32cube.ide.mcu.externaltools.gnu-tools-for-stm32.9-2020-q2-update.win32_1.5.0.202011040924/tools/bin/../lib/gcc/arm-none-eabi/9.3.1/../../../../arm-none-eabi/lib/thumb/v7e-m+fp/hard\libm.a(lib_a-s_cos.o)
                0x0000000008008450                cos
 .text.sin      0x00000000080084f0       0xa8 c:/st/stm32cubeide_1.6.1/stm32cubeide/plugins/com.st.stm32cube.ide.mcu.externaltools.gnu-tools-for-stm32.9-2020-q2-update.win32_1.5.0.202011040924/tools/bin/../lib/gcc/arm-none-eabi/9.3.1/../../../../arm-none-eabi/lib/thumb/v7e-m+fp/hard\libm.a(lib_a-s_sin.o)
                0x00000000080084f0                sin
 .text.acos     0x0000000008008598       0x74 c:/st/stm32cubeide_1.6.1/stm32cubeide/plugins/com.st.stm32cube.ide.mcu.externaltools.gnu-tools-for-stm32.9-2020-q2-update.win32_1.5.0.202011040924/tools/bin/../lib/gcc/arm-none-eabi/9.3.1/../../../../arm-none-eabi/lib/thumb/v7e-m+fp/hard\libm.a(lib_a-w_acos.o)
                0x0000000008008598                acos
 .text.atan2    0x000000000800860c        0x4 c:/st/stm32cubeide_1.6.1/stm32cubeide/plugins/com.st.stm32cube.ide.mcu.externaltools.gnu-tools-for-stm32.9-2020-q2-update.win32_1.5.0.202011040924/tools/bin/../lib/gcc/arm-none-eabi/9.3.1/../../../../arm-none-eabi/lib/thumb/v7e-m+fp/hard\libm.a(lib_a-w_atan2.o)
                0x000000000800860c                atan2
 .text.sqrt     0x0000000008008610       0x68 c:/st/stm32cubeide_1.6.1/stm32cubeide/plugins/com.st.stm32cube.ide.mcu.externaltools.gnu-tools-for-stm32.9-2020-q2-update.win32_1.5.0.202011040924/tools/bin/../lib/gcc/arm-none-eabi/9.3.1/../../../../arm-none-eabi/lib/thumb/v7e-m+fp/hard\libm.a(lib_a-w_sqrt.o)
                0x0000000008008610                sqrt
 .text.__ieee754_acos
                0x0000000008008678      0x4c0 c:/st/stm32cubeide_1.6.1/stm32cubeide/plugins/com.st.stm32cube.ide.mcu.externaltools.gnu-tools-for-stm32.9-2020-q2-update.win32_1.5.0.202011040924/tools/bin/../lib/gcc/arm-none-eabi/9.3.1/../../../../arm-none-eabi/lib/thumb/v7e-m+fp/hard\libm.a(lib_a-e_acos.o)
                0x0000000008008678                __ieee754_acos
 .text.__ieee754_atan2
                0x0000000008008b38      0x194 c:/st/stm32cubeide_1.6.1/stm32cubeide/plugins/com.st.stm32cube.ide.mcu.externaltools.gnu-tools-for-stm32.9-2020-q2-update.win32_1.5.0.202011040924/tools/bin/../lib/gcc/arm-none-eabi/9.3.1/../../../../arm-none-eabi/lib/thumb/v7e-m+fp/hard\libm.a(lib_a-e_atan2.o)
                0x0000000008008b38                __ieee754_atan2
 *fill*         0x0000000008008ccc        0x4 
 .text.__ieee754_rem_pio2
                0x0000000008008cd0      0x414 c:/st/stm32cubeide_1.6.1/stm32cubeide/plugins/com.st.stm32cube.ide.mcu.externaltools.gnu-tools-for-stm32.9-2020-q2-update.win32_1.5.0.202011040924/tools/bin/../lib/gcc/arm-none-eabi/9.3.1/../../../../arm-none-eabi/lib/thumb/v7e-m+fp/hard\libm.a(lib_a-e_rem_pio2.o)
                0x0000000008008cd0                __ieee754_rem_pio2
 .text.__ieee754_sqrt
                0x00000000080090e4      0x168 c:/st/stm32cubeide_1.6.1/stm32cubeide/plugins/com.st.stm32cube.ide.mcu.externaltools.gnu-tools-for-stm32.9-2020-q2-update.win32_1.5.0.202011040924/tools/bin/../lib/gcc/arm-none-eabi/9.3.1/../../../../arm-none-eabi/lib/thumb/v7e-m+fp/hard\libm.a(lib_a-e_sqrt.o)
                0x00000000080090e4                __ieee754_sqrt
 *fill*         0x000000000800924c        0x4 
 .text.__kernel_cos
                0x0000000008009250      0x18c c:/st/stm32cubeide_1.6.1/stm32cubeide/plugins/com.st.stm32cube.ide.mcu.externaltools.gnu-tools-for-stm32.9-2020-q2-update.win32_1.5.0.202011040924/tools/bin/../lib/gcc/arm-none-eabi/9.3.1/../../../../arm-none-eabi/lib/thumb/v7e-m+fp/hard\libm.a(lib_a-k_cos.o)
                0x0000000008009250                __kernel_cos
 *fill*         0x00000000080093dc        0x4 
 .text.__kernel_rem_pio2
                0x00000000080093e0      0x680 c:/st/stm32cubeide_1.6.1/stm32cubeide/plugins/com.st.stm32cube.ide.mcu.externaltools.gnu-tools-for-stm32.9-2020-q2-update.win32_1.5.0.202011040924/tools/bin/../lib/gcc/arm-none-eabi/9.3.1/../../../../arm-none-eabi/lib/thumb/v7e-m+fp/hard\libm.a(lib_a-k_rem_pio2.o)
                0x00000000080093e0                __kernel_rem_pio2
 .text.__kernel_sin
                0x0000000008009a60      0x17c c:/st/stm32cubeide_1.6.1/stm32cubeide/plugins/com.st.stm32cube.ide.mcu.externaltools.gnu-tools-for-stm32.9-2020-q2-update.win32_1.5.0.202011040924/tools/bin/../lib/gcc/arm-none-eabi/9.3.1/../../../../arm-none-eabi/lib/thumb/v7e-m+fp/hard\libm.a(lib_a-k_sin.o)
                0x0000000008009a60                __kernel_sin
 *fill*         0x0000000008009bdc        0x4 
 .text.atan     0x0000000008009be0      0x340 c:/st/stm32cubeide_1.6.1/stm32cubeide/plugins/com.st.stm32cube.ide.mcu.externaltools.gnu-tools-for-stm32.9-2020-q2-update.win32_1.5.0.202011040924/tools/bin/../lib/gcc/arm-none-eabi/9.3.1/../../../../arm-none-eabi/lib/thumb/v7e-m+fp/hard\libm.a(lib_a-s_atan.o)
                0x0000000008009be0                atan
 .text.fabs     0x0000000008009f20       0x12 c:/st/stm32cubeide_1.6.1/stm32cubeide/plugins/com.st.stm32cube.ide.mcu.externaltools.gnu-tools-for-stm32.9-2020-q2-update.win32_1.5.0.202011040924/tools/bin/../lib/gcc/arm-none-eabi/9.3.1/../../../../arm-none-eabi/lib/thumb/v7e-m+fp/hard\libm.a(lib_a-s_fabs.o)
                0x0000000008009f20                fabs
 *fill*         0x0000000008009f32        0x6 
 .text.floor    0x0000000008009f38      0x100 c:/st/stm32cubeide_1.6.1/stm32cubeide/plugins/com.st.stm32cube.ide.mcu.externaltools.gnu-tools-for-stm32.9-2020-q2-update.win32_1.5.0.202011040924/tools/bin/../lib/gcc/arm-none-eabi/9.3.1/../../../../arm-none-eabi/lib/thumb/v7e-m+fp/hard\libm.a(lib_a-s_floor.o)
                0x0000000008009f38                floor
 .text.nan      0x000000000800a038       0x10 c:/st/stm32cubeide_1.6.1/stm32cubeide/plugins/com.st.stm32cube.ide.mcu.externaltools.gnu-tools-for-stm32.9-2020-q2-update.win32_1.5.0.202011040924/tools/bin/../lib/gcc/arm-none-eabi/9.3.1/../../../../arm-none-eabi/lib/thumb/v7e-m+fp/hard\libm.a(lib_a-s_nan.o)
                0x000000000800a038                nan
 .text.scalbn   0x000000000800a048      0x10c c:/st/stm32cubeide_1.6.1/stm32cubeide/plugins/com.st.stm32cube.ide.mcu.externaltools.gnu-tools-for-stm32.9-2020-q2-update.win32_1.5.0.202011040924/tools/bin/../lib/gcc/arm-none-eabi/9.3.1/../../../../arm-none-eabi/lib/thumb/v7e-m+fp/hard\libm.a(lib_a-s_scalbn.o)
                0x000000000800a048                scalbn
 *(.glue_7)
 .glue_7        0x000000000800a154        0x0 linker stubs
 *(.glue_7t)
 .glue_7t       0x000000000800a154        0x0 linker stubs
 *(.eh_frame)
 .eh_frame      0x000000000800a154        0x0 c:/st/stm32cubeide_1.6.1/stm32cubeide/plugins/com.st.stm32cube.ide.mcu.externaltools.gnu-tools-for-stm32.9-2020-q2-update.win32_1.5.0.202011040924/tools/bin/../lib/gcc/arm-none-eabi/9.3.1/thumb/v7e-m+fp/hard/crtbegin.o
 *(.init)
 .init          0x000000000800a154        0x4 c:/st/stm32cubeide_1.6.1/stm32cubeide/plugins/com.st.stm32cube.ide.mcu.externaltools.gnu-tools-for-stm32.9-2020-q2-update.win32_1.5.0.202011040924/tools/bin/../lib/gcc/arm-none-eabi/9.3.1/thumb/v7e-m+fp/hard/crti.o
                0x000000000800a154                _init
 .init          0x000000000800a158        0x8 c:/st/stm32cubeide_1.6.1/stm32cubeide/plugins/com.st.stm32cube.ide.mcu.externaltools.gnu-tools-for-stm32.9-2020-q2-update.win32_1.5.0.202011040924/tools/bin/../lib/gcc/arm-none-eabi/9.3.1/thumb/v7e-m+fp/hard/crtn.o
 *(.fini)
 .fini          0x000000000800a160        0x4 c:/st/stm32cubeide_1.6.1/stm32cubeide/plugins/com.st.stm32cube.ide.mcu.externaltools.gnu-tools-for-stm32.9-2020-q2-update.win32_1.5.0.202011040924/tools/bin/../lib/gcc/arm-none-eabi/9.3.1/thumb/v7e-m+fp/hard/crti.o
                0x000000000800a160                _fini
 .fini          0x000000000800a164        0x8 c:/st/stm32cubeide_1.6.1/stm32cubeide/plugins/com.st.stm32cube.ide.mcu.externaltools.gnu-tools-for-stm32.9-2020-q2-update.win32_1.5.0.202011040924/tools/bin/../lib/gcc/arm-none-eabi/9.3.1/thumb/v7e-m+fp/hard/crtn.o
                0x000000000800a16c                . = ALIGN (0x4)
                0x000000000800a16c                _etext = .

.vfp11_veneer   0x000000000800a16c        0x0
 .vfp11_veneer  0x000000000800a16c        0x0 linker stubs

.v4_bx          0x000000000800a16c        0x0
 .v4_bx         0x000000000800a16c        0x0 linker stubs

.iplt           0x000000000800a16c        0x0
 .iplt          0x000000000800a16c        0x0 c:/st/stm32cubeide_1.6.1/stm32cubeide/plugins/com.st.stm32cube.ide.mcu.externaltools.gnu-tools-for-stm32.9-2020-q2-update.win32_1.5.0.202011040924/tools/bin/../lib/gcc/arm-none-eabi/9.3.1/thumb/v7e-m+fp/hard/crtbegin.o

.rodata         0x000000000800a170      0x388
                0x000000000800a170                . = ALIGN (0x4)
 *(.rodata)
 .rodata        0x000000000800a170       0xc4 Core/Src/freertos.o
 *(.rodata*)
 .rodata.str1.4
                0x000000000800a234       0x4f Core/Src/freertos.o
 *fill*         0x000000000800a283        0x1 
 .rodata.AHBPrescTable
                0x000000000800a284       0x10 Core/Src/system_stm32f4xx.o
                0x000000000800a284                AHBPrescTable
 .rodata.APBPrescTable
                0x000000000800a294        0x8 Core/Src/system_stm32f4xx.o
                0x000000000800a294                APBPrescTable
 .rodata.flagBitshiftOffset.8823
                0x000000000800a29c        0x8 Drivers/STM32F4xx_HAL_Driver/Src/stm32f4xx_hal_dma.o
 .rodata.vTaskStartScheduler.str1.4
                0x000000000800a2a4        0x5 Middlewares/Third_Party/FreeRTOS/Source/tasks.o
 .rodata.acos.str1.1
                0x000000000800a2a9        0x1 c:/st/stm32cubeide_1.6.1/stm32cubeide/plugins/com.st.stm32cube.ide.mcu.externaltools.gnu-tools-for-stm32.9-2020-q2-update.win32_1.5.0.202011040924/tools/bin/../lib/gcc/arm-none-eabi/9.3.1/../../../../arm-none-eabi/lib/thumb/v7e-m+fp/hard\libm.a(lib_a-w_acos.o)
 *fill*         0x000000000800a2aa        0x6 
 .rodata.CSWTCH.8
                0x000000000800a2b0       0x18 c:/st/stm32cubeide_1.6.1/stm32cubeide/plugins/com.st.stm32cube.ide.mcu.externaltools.gnu-tools-for-stm32.9-2020-q2-update.win32_1.5.0.202011040924/tools/bin/../lib/gcc/arm-none-eabi/9.3.1/../../../../arm-none-eabi/lib/thumb/v7e-m+fp/hard\libm.a(lib_a-e_atan2.o)
 .rodata.CSWTCH.9
                0x000000000800a2c8       0x18 c:/st/stm32cubeide_1.6.1/stm32cubeide/plugins/com.st.stm32cube.ide.mcu.externaltools.gnu-tools-for-stm32.9-2020-q2-update.win32_1.5.0.202011040924/tools/bin/../lib/gcc/arm-none-eabi/9.3.1/../../../../arm-none-eabi/lib/thumb/v7e-m+fp/hard\libm.a(lib_a-e_atan2.o)
 .rodata.npio2_hw
                0x000000000800a2e0       0x80 c:/st/stm32cubeide_1.6.1/stm32cubeide/plugins/com.st.stm32cube.ide.mcu.externaltools.gnu-tools-for-stm32.9-2020-q2-update.win32_1.5.0.202011040924/tools/bin/../lib/gcc/arm-none-eabi/9.3.1/../../../../arm-none-eabi/lib/thumb/v7e-m+fp/hard\libm.a(lib_a-e_rem_pio2.o)
 .rodata.two_over_pi
                0x000000000800a360      0x108 c:/st/stm32cubeide_1.6.1/stm32cubeide/plugins/com.st.stm32cube.ide.mcu.externaltools.gnu-tools-for-stm32.9-2020-q2-update.win32_1.5.0.202011040924/tools/bin/../lib/gcc/arm-none-eabi/9.3.1/../../../../arm-none-eabi/lib/thumb/v7e-m+fp/hard\libm.a(lib_a-e_rem_pio2.o)
 .rodata.PIo2   0x000000000800a468       0x40 c:/st/stm32cubeide_1.6.1/stm32cubeide/plugins/com.st.stm32cube.ide.mcu.externaltools.gnu-tools-for-stm32.9-2020-q2-update.win32_1.5.0.202011040924/tools/bin/../lib/gcc/arm-none-eabi/9.3.1/../../../../arm-none-eabi/lib/thumb/v7e-m+fp/hard\libm.a(lib_a-k_rem_pio2.o)
 .rodata.init_jk
                0x000000000800a4a8       0x10 c:/st/stm32cubeide_1.6.1/stm32cubeide/plugins/com.st.stm32cube.ide.mcu.externaltools.gnu-tools-for-stm32.9-2020-q2-update.win32_1.5.0.202011040924/tools/bin/../lib/gcc/arm-none-eabi/9.3.1/../../../../arm-none-eabi/lib/thumb/v7e-m+fp/hard\libm.a(lib_a-k_rem_pio2.o)
 .rodata.atanhi
                0x000000000800a4b8       0x20 c:/st/stm32cubeide_1.6.1/stm32cubeide/plugins/com.st.stm32cube.ide.mcu.externaltools.gnu-tools-for-stm32.9-2020-q2-update.win32_1.5.0.202011040924/tools/bin/../lib/gcc/arm-none-eabi/9.3.1/../../../../arm-none-eabi/lib/thumb/v7e-m+fp/hard\libm.a(lib_a-s_atan.o)
 .rodata.atanlo
                0x000000000800a4d8       0x20 c:/st/stm32cubeide_1.6.1/stm32cubeide/plugins/com.st.stm32cube.ide.mcu.externaltools.gnu-tools-for-stm32.9-2020-q2-update.win32_1.5.0.202011040924/tools/bin/../lib/gcc/arm-none-eabi/9.3.1/../../../../arm-none-eabi/lib/thumb/v7e-m+fp/hard\libm.a(lib_a-s_atan.o)
                0x000000000800a4f8                . = ALIGN (0x4)

.ARM.extab      0x000000000800a4f8        0x0
                0x000000000800a4f8                . = ALIGN (0x4)
 *(.ARM.extab* .gnu.linkonce.armextab.*)
                0x000000000800a4f8                . = ALIGN (0x4)

.ARM            0x000000000800a4f8        0x8
                0x000000000800a4f8                . = ALIGN (0x4)
                0x000000000800a4f8                __exidx_start = .
 *(.ARM.exidx*)
 .ARM.exidx     0x000000000800a4f8        0x8 c:/st/stm32cubeide_1.6.1/stm32cubeide/plugins/com.st.stm32cube.ide.mcu.externaltools.gnu-tools-for-stm32.9-2020-q2-update.win32_1.5.0.202011040924/tools/bin/../lib/gcc/arm-none-eabi/9.3.1/thumb/v7e-m+fp/hard\libgcc.a(_udivmoddi4.o)
                0x000000000800a500                __exidx_end = .
                0x000000000800a500                . = ALIGN (0x4)

.rel.dyn        0x000000000800a500        0x0
 .rel.iplt      0x000000000800a500        0x0 c:/st/stm32cubeide_1.6.1/stm32cubeide/plugins/com.st.stm32cube.ide.mcu.externaltools.gnu-tools-for-stm32.9-2020-q2-update.win32_1.5.0.202011040924/tools/bin/../lib/gcc/arm-none-eabi/9.3.1/thumb/v7e-m+fp/hard/crtbegin.o

.preinit_array  0x000000000800a500        0x0
                0x000000000800a500                . = ALIGN (0x4)
                0x000000000800a500                PROVIDE (__preinit_array_start = .)
 *(.preinit_array*)
                0x000000000800a500                PROVIDE (__preinit_array_end = .)
                0x000000000800a500                . = ALIGN (0x4)

.init_array     0x000000000800a500        0x4
                0x000000000800a500                . = ALIGN (0x4)
                0x000000000800a500                PROVIDE (__init_array_start = .)
 *(SORT_BY_NAME(.init_array.*))
 *(.init_array*)
 .init_array    0x000000000800a500        0x4 c:/st/stm32cubeide_1.6.1/stm32cubeide/plugins/com.st.stm32cube.ide.mcu.externaltools.gnu-tools-for-stm32.9-2020-q2-update.win32_1.5.0.202011040924/tools/bin/../lib/gcc/arm-none-eabi/9.3.1/thumb/v7e-m+fp/hard/crtbegin.o
                0x000000000800a504                PROVIDE (__init_array_end = .)
                0x000000000800a504                . = ALIGN (0x4)

.fini_array     0x000000000800a504        0x4
                0x000000000800a504                . = ALIGN (0x4)
                [!provide]                        PROVIDE (__fini_array_start = .)
 *(SORT_BY_NAME(.fini_array.*))
 *(.fini_array*)
 .fini_array    0x000000000800a504        0x4 c:/st/stm32cubeide_1.6.1/stm32cubeide/plugins/com.st.stm32cube.ide.mcu.externaltools.gnu-tools-for-stm32.9-2020-q2-update.win32_1.5.0.202011040924/tools/bin/../lib/gcc/arm-none-eabi/9.3.1/thumb/v7e-m+fp/hard/crtbegin.o
                [!provide]                        PROVIDE (__fini_array_end = .)
                0x000000000800a508                . = ALIGN (0x4)
                0x000000000800a508                _sidata = LOADADDR (.data)

.data           0x0000000020000000     0x2b88 load address 0x000000000800a508
                0x0000000020000000                . = ALIGN (0x4)
                0x0000000020000000                _sdata = .
 *(.data)
 *(.data*)
 .data.instruct
                0x0000000020000000     0x2af8 Core/Src/freertos.o
                0x0000000020000000                instruct
 .data.instruct_step
                0x0000000020002af8        0x4 Core/Src/freertos.o
                0x0000000020002af8                instruct_step
 .data.total_step
                0x0000000020002afc        0x4 Core/Src/freertos.o
                0x0000000020002afc                total_step
 .data.L1       0x0000000020002b00        0x8 Core/Src/main.o
                0x0000000020002b00                L1
 .data.L2       0x0000000020002b08        0x8 Core/Src/main.o
                0x0000000020002b08                L2
 .data.SystemCoreClock
                0x0000000020002b10        0x4 Core/Src/system_stm32f4xx.o
                0x0000000020002b10                SystemCoreClock
 .data.uwTickFreq
                0x0000000020002b14        0x1 Drivers/STM32F4xx_HAL_Driver/Src/stm32f4xx_hal.o
                0x0000000020002b14                uwTickFreq
 *fill*         0x0000000020002b15        0x3 
 .data.uwTickPrio
                0x0000000020002b18        0x4 Drivers/STM32F4xx_HAL_Driver/Src/stm32f4xx_hal.o
                0x0000000020002b18                uwTickPrio
 .data.uxCriticalNesting
                0x0000000020002b1c        0x4 Middlewares/Third_Party/FreeRTOS/Source/portable/GCC/ARM_CM4F/port.o
 .data._impure_ptr
                0x0000000020002b20        0x4 c:/st/stm32cubeide_1.6.1/stm32cubeide/plugins/com.st.stm32cube.ide.mcu.externaltools.gnu-tools-for-stm32.9-2020-q2-update.win32_1.5.0.202011040924/tools/bin/../lib/gcc/arm-none-eabi/9.3.1/../../../../arm-none-eabi/lib/thumb/v7e-m+fp/hard\libc_nano.a(lib_a-impure.o)
                0x0000000020002b20                _impure_ptr
 .data.impure_data
                0x0000000020002b24       0x60 c:/st/stm32cubeide_1.6.1/stm32cubeide/plugins/com.st.stm32cube.ide.mcu.externaltools.gnu-tools-for-stm32.9-2020-q2-update.win32_1.5.0.202011040924/tools/bin/../lib/gcc/arm-none-eabi/9.3.1/../../../../arm-none-eabi/lib/thumb/v7e-m+fp/hard\libc_nano.a(lib_a-impure.o)
 .data.__fdlib_version
                0x0000000020002b84        0x1 c:/st/stm32cubeide_1.6.1/stm32cubeide/plugins/com.st.stm32cube.ide.mcu.externaltools.gnu-tools-for-stm32.9-2020-q2-update.win32_1.5.0.202011040924/tools/bin/../lib/gcc/arm-none-eabi/9.3.1/../../../../arm-none-eabi/lib/thumb/v7e-m+fp/hard\libm.a(lib_a-s_lib_ver.o)
                0x0000000020002b84                __fdlib_version
 *(.RamFunc)
 *(.RamFunc*)
                0x0000000020002b88                . = ALIGN (0x4)
 *fill*         0x0000000020002b85        0x3 
                0x0000000020002b88                _edata = .

.igot.plt       0x0000000020002b88        0x0 load address 0x000000000800d090
 .igot.plt      0x0000000020002b88        0x0 c:/st/stm32cubeide_1.6.1/stm32cubeide/plugins/com.st.stm32cube.ide.mcu.externaltools.gnu-tools-for-stm32.9-2020-q2-update.win32_1.5.0.202011040924/tools/bin/../lib/gcc/arm-none-eabi/9.3.1/thumb/v7e-m+fp/hard/crtbegin.o
                0x0000000020002b88                . = ALIGN (0x4)

.bss            0x0000000020002b88      0x984 load address 0x000000000800d090
                0x0000000020002b88                _sbss = .
                0x0000000020002b88                __bss_start__ = _sbss
 *(.bss)
 .bss           0x0000000020002b88       0x1c c:/st/stm32cubeide_1.6.1/stm32cubeide/plugins/com.st.stm32cube.ide.mcu.externaltools.gnu-tools-for-stm32.9-2020-q2-update.win32_1.5.0.202011040924/tools/bin/../lib/gcc/arm-none-eabi/9.3.1/thumb/v7e-m+fp/hard/crtbegin.o
 *(.bss*)
 .bss.Address   0x0000000020002ba4        0x4 Core/Src/freertos.o
                0x0000000020002ba4                Address
 .bss.EraseInitStruct
                0x0000000020002ba8       0x14 Core/Src/freertos.o
 .bss.FirstSector
                0x0000000020002bbc        0x4 Core/Src/freertos.o
                0x0000000020002bbc                FirstSector
 .bss.NbOfSectors
                0x0000000020002bc0        0x4 Core/Src/freertos.o
                0x0000000020002bc0                NbOfSectors
 .bss.SectorError
                0x0000000020002bc4        0x4 Core/Src/freertos.o
                0x0000000020002bc4                SectorError
 .bss.cur_pulse1
                0x0000000020002bc8        0x4 Core/Src/freertos.o
                0x0000000020002bc8                cur_pulse1
 .bss.cur_pulse2
                0x0000000020002bcc        0x4 Core/Src/freertos.o
                0x0000000020002bcc                cur_pulse2
 .bss.cur_pulse3
                0x0000000020002bd0        0x4 Core/Src/freertos.o
                0x0000000020002bd0                cur_pulse3
 .bss.cur_pulse4
                0x0000000020002bd4        0x4 Core/Src/freertos.o
                0x0000000020002bd4                cur_pulse4
 .bss.cur_pulse5
                0x0000000020002bd8        0x4 Core/Src/freertos.o
                0x0000000020002bd8                cur_pulse5
 .bss.cur_pulse6
                0x0000000020002bdc        0x4 Core/Src/freertos.o
                0x0000000020002bdc                cur_pulse6
 .bss.is_single_run
                0x0000000020002be0        0x1 Core/Src/freertos.o
                0x0000000020002be0                is_single_run
 .bss.is_start  0x0000000020002be1        0x1 Core/Src/freertos.o
                0x0000000020002be1                is_start
 .bss.is_stop   0x0000000020002be2        0x1 Core/Src/freertos.o
                0x0000000020002be2                is_stop
 *fill*         0x0000000020002be3        0x1 
 .bss.step      0x0000000020002be4        0x4 Core/Src/freertos.o
                0x0000000020002be4                step
 .bss.step_acc  0x0000000020002be8        0x4 Core/Src/freertos.o
                0x0000000020002be8                step_acc
 .bss.step_speed
                0x0000000020002bec        0x4 Core/Src/freertos.o
                0x0000000020002bec                step_speed
 .bss.step_time
                0x0000000020002bf0        0x4 Core/Src/freertos.o
                0x0000000020002bf0                step_time
 .bss.xIdleStack
                0x0000000020002bf4      0x200 Core/Src/freertos.o
 .bss.xIdleTaskTCBBuffer
                0x0000000020002df4       0x54 Core/Src/freertos.o
 .bss.L3        0x0000000020002e48        0x8 Core/Src/main.o
                0x0000000020002e48                L3
 .bss.acc_pulse
                0x0000000020002e50        0x4 Core/Src/main.o
                0x0000000020002e50                acc_pulse
 .bss.cur_num   0x0000000020002e54        0x4 Core/Src/main.o
                0x0000000020002e54                cur_num
 .bss.ik_a1     0x0000000020002e58        0x8 Core/Src/main.o
                0x0000000020002e58                ik_a1
 .bss.ik_a2     0x0000000020002e60        0x8 Core/Src/main.o
                0x0000000020002e60                ik_a2
 .bss.ik_a3     0x0000000020002e68        0x8 Core/Src/main.o
                0x0000000020002e68                ik_a3
 .bss.ik_a4     0x0000000020002e70        0x8 Core/Src/main.o
                0x0000000020002e70                ik_a4
 .bss.instruct_speed
                0x0000000020002e78        0x4 Core/Src/main.o
                0x0000000020002e78                instruct_speed
 .bss.key_flag  0x0000000020002e7c        0x1 Core/Src/main.o
                0x0000000020002e7c                key_flag
 *fill*         0x0000000020002e7d        0x3 
 .bss.max_pulse
                0x0000000020002e80        0x4 Core/Src/main.o
                0x0000000020002e80                max_pulse
 .bss.max_xyz   0x0000000020002e84        0x4 Core/Src/main.o
                0x0000000020002e84                max_xyz
 .bss.new_x     0x0000000020002e88        0x8 Core/Src/main.o
                0x0000000020002e88                new_x
 .bss.new_y     0x0000000020002e90        0x8 Core/Src/main.o
                0x0000000020002e90                new_y
 .bss.new_z     0x0000000020002e98        0x8 Core/Src/main.o
                0x0000000020002e98                new_z
 .bss.step1_err
                0x0000000020002ea0        0x4 Core/Src/main.o
                0x0000000020002ea0                step1_err
 .bss.step1_foc
                0x0000000020002ea4        0x4 Core/Src/main.o
                0x0000000020002ea4                step1_foc
 .bss.step1_scale
                0x0000000020002ea8        0x4 Core/Src/main.o
                0x0000000020002ea8                step1_scale
 .bss.step2_err
                0x0000000020002eac        0x4 Core/Src/main.o
                0x0000000020002eac                step2_err
 .bss.step2_foc
                0x0000000020002eb0        0x4 Core/Src/main.o
                0x0000000020002eb0                step2_foc
 .bss.step2_scale
                0x0000000020002eb4        0x4 Core/Src/main.o
                0x0000000020002eb4                step2_scale
 .bss.step3_err
                0x0000000020002eb8        0x4 Core/Src/main.o
                0x0000000020002eb8                step3_err
 .bss.step3_foc
                0x0000000020002ebc        0x4 Core/Src/main.o
                0x0000000020002ebc                step3_foc
 .bss.step3_scale
                0x0000000020002ec0        0x4 Core/Src/main.o
                0x0000000020002ec0                step3_scale
 .bss.step4_err
                0x0000000020002ec4        0x4 Core/Src/main.o
                0x0000000020002ec4                step4_err
 .bss.step4_foc
                0x0000000020002ec8        0x4 Core/Src/main.o
                0x0000000020002ec8                step4_foc
 .bss.step4_is_run
                0x0000000020002ecc        0x1 Core/Src/main.o
                0x0000000020002ecc                step4_is_run
 *fill*         0x0000000020002ecd        0x3 
 .bss.step4_scale
                0x0000000020002ed0        0x4 Core/Src/main.o
                0x0000000020002ed0                step4_scale
 .bss.step5_err
                0x0000000020002ed4        0x4 Core/Src/main.o
                0x0000000020002ed4                step5_err
 .bss.step5_foc
                0x0000000020002ed8        0x4 Core/Src/main.o
                0x0000000020002ed8                step5_foc
 .bss.step5_scale
                0x0000000020002edc        0x4 Core/Src/main.o
                0x0000000020002edc                step5_scale
 .bss.step6_err
                0x0000000020002ee0        0x4 Core/Src/main.o
                0x0000000020002ee0                step6_err
 .bss.step6_foc
                0x0000000020002ee4        0x4 Core/Src/main.o
                0x0000000020002ee4                step6_foc
 .bss.step6_scale
                0x0000000020002ee8        0x4 Core/Src/main.o
                0x0000000020002ee8                step6_scale
 *fill*         0x0000000020002eec        0x4 
 .bss.x         0x0000000020002ef0        0x8 Core/Src/main.o
                0x0000000020002ef0                x
 .bss.y         0x0000000020002ef8        0x8 Core/Src/main.o
                0x0000000020002ef8                y
 .bss.z         0x0000000020002f00        0x8 Core/Src/main.o
                0x0000000020002f00                z
 .bss.__sbrk_heap_end
                0x0000000020002f08        0x4 Core/Src/sysmem.o
 .bss.pxCurrentTCB
                0x0000000020002f0c        0x4 Middlewares/Third_Party/FreeRTOS/Source/tasks.o
                0x0000000020002f0c                pxCurrentTCB
 .bss.pxDelayedTaskList
                0x0000000020002f10        0x4 Middlewares/Third_Party/FreeRTOS/Source/tasks.o
 .bss.pxOverflowDelayedTaskList
                0x0000000020002f14        0x4 Middlewares/Third_Party/FreeRTOS/Source/tasks.o
 .bss.pxReadyTasksLists
                0x0000000020002f18       0x8c Middlewares/Third_Party/FreeRTOS/Source/tasks.o
 .bss.uxCurrentNumberOfTasks
                0x0000000020002fa4        0x4 Middlewares/Third_Party/FreeRTOS/Source/tasks.o
 .bss.uxDeletedTasksWaitingCleanUp
                0x0000000020002fa8        0x4 Middlewares/Third_Party/FreeRTOS/Source/tasks.o
 .bss.uxSchedulerSuspended
                0x0000000020002fac        0x4 Middlewares/Third_Party/FreeRTOS/Source/tasks.o
 .bss.uxTaskNumber
                0x0000000020002fb0        0x4 Middlewares/Third_Party/FreeRTOS/Source/tasks.o
 .bss.uxTopReadyPriority
                0x0000000020002fb4        0x4 Middlewares/Third_Party/FreeRTOS/Source/tasks.o
 .bss.xDelayedTaskList1
                0x0000000020002fb8       0x14 Middlewares/Third_Party/FreeRTOS/Source/tasks.o
 .bss.xDelayedTaskList2
                0x0000000020002fcc       0x14 Middlewares/Third_Party/FreeRTOS/Source/tasks.o
 .bss.xNextTaskUnblockTime
                0x0000000020002fe0        0x4 Middlewares/Third_Party/FreeRTOS/Source/tasks.o
 .bss.xNumOfOverflows
                0x0000000020002fe4        0x4 Middlewares/Third_Party/FreeRTOS/Source/tasks.o
 .bss.xPendedTicks
                0x0000000020002fe8        0x4 Middlewares/Third_Party/FreeRTOS/Source/tasks.o
 .bss.xPendingReadyList
                0x0000000020002fec       0x14 Middlewares/Third_Party/FreeRTOS/Source/tasks.o
 .bss.xSchedulerRunning
                0x0000000020003000        0x4 Middlewares/Third_Party/FreeRTOS/Source/tasks.o
 .bss.xSuspendedTaskList
                0x0000000020003004       0x14 Middlewares/Third_Party/FreeRTOS/Source/tasks.o
 .bss.xTasksWaitingTermination
                0x0000000020003018       0x14 Middlewares/Third_Party/FreeRTOS/Source/tasks.o
 .bss.xTickCount
                0x000000002000302c        0x4 Middlewares/Third_Party/FreeRTOS/Source/tasks.o
 .bss.xYieldPending
                0x0000000020003030        0x4 Middlewares/Third_Party/FreeRTOS/Source/tasks.o
 .bss.ucMaxSysCallPriority
                0x0000000020003034        0x1 Middlewares/Third_Party/FreeRTOS/Source/portable/GCC/ARM_CM4F/port.o
 *fill*         0x0000000020003035        0x3 
 .bss.ulMaxPRIGROUPValue
                0x0000000020003038        0x4 Middlewares/Third_Party/FreeRTOS/Source/portable/GCC/ARM_CM4F/port.o
 .bss.__malloc_free_list
                0x000000002000303c        0x4 c:/st/stm32cubeide_1.6.1/stm32cubeide/plugins/com.st.stm32cube.ide.mcu.externaltools.gnu-tools-for-stm32.9-2020-q2-update.win32_1.5.0.202011040924/tools/bin/../lib/gcc/arm-none-eabi/9.3.1/../../../../arm-none-eabi/lib/thumb/v7e-m+fp/hard\libc_nano.a(lib_a-nano-mallocr.o)
                0x000000002000303c                __malloc_free_list
 .bss.__malloc_sbrk_start
                0x0000000020003040        0x4 c:/st/stm32cubeide_1.6.1/stm32cubeide/plugins/com.st.stm32cube.ide.mcu.externaltools.gnu-tools-for-stm32.9-2020-q2-update.win32_1.5.0.202011040924/tools/bin/../lib/gcc/arm-none-eabi/9.3.1/../../../../arm-none-eabi/lib/thumb/v7e-m+fp/hard\libc_nano.a(lib_a-nano-mallocr.o)
                0x0000000020003040                __malloc_sbrk_start
 *(COMMON)
 COMMON         0x0000000020003044      0x1c0 Core/Src/adc.o
                0x0000000020003044                rx_Count
                0x0000000020003048                hadc1
                0x0000000020003090                hdma_adc1
                0x00000000200030f0                adc_data
                0x0000000020003104                rx_data
 COMMON         0x0000000020003204       0xa8 Core/Src/freertos.o
                0x0000000020003204                defaultTaskHandle
                0x0000000020003208                adc_filter
                0x0000000020003220                RobotTaskHandle
                0x0000000020003224                foc
                0x000000002000323c                LedTaskHandle
                0x0000000020003240                ModbusTaskHandle
                0x0000000020003244                adc_first
                0x000000002000325c                adc_one
                0x0000000020003288                foc_cut
                0x00000000200032a0                DemoTaskHandle
                0x00000000200032a4                TestTaskHandle
                0x00000000200032a8                SendTaskHandle
 *fill*         0x00000000200032ac        0x4 
 COMMON         0x00000000200032b0       0x38 Core/Src/main.o
                0x00000000200032b0                start_pul4
                0x00000000200032b4                start_pul1
                0x00000000200032b8                start_pul3
                0x00000000200032c0                ik_x
                0x00000000200032c8                start_pul6
                0x00000000200032cc                start_pul2
                0x00000000200032d0                start_pul5
                0x00000000200032d8                ik_y
                0x00000000200032e0                ik_z
 COMMON         0x00000000200032e8       0x48 Core/Src/tim.o
                0x00000000200032e8                htim1
 COMMON         0x0000000020003330      0x1a8 Core/Src/usart.o
                0x0000000020003330                hdma_usart2_rx
                0x0000000020003390                hdma_usart1_tx
                0x00000000200033f0                hdma_usart2_tx
                0x0000000020003450                huart1
                0x0000000020003494                huart2
 COMMON         0x00000000200034d8        0x4 Drivers/STM32F4xx_HAL_Driver/Src/stm32f4xx_hal.o
                0x00000000200034d8                uwTick
 COMMON         0x00000000200034dc       0x20 Drivers/STM32F4xx_HAL_Driver/Src/stm32f4xx_hal_flash.o
                0x00000000200034dc                pFlash
 COMMON         0x00000000200034fc        0x4 c:/st/stm32cubeide_1.6.1/stm32cubeide/plugins/com.st.stm32cube.ide.mcu.externaltools.gnu-tools-for-stm32.9-2020-q2-update.win32_1.5.0.202011040924/tools/bin/../lib/gcc/arm-none-eabi/9.3.1/../../../../arm-none-eabi/lib/thumb/v7e-m+fp/hard\libc_nano.a(lib_a-reent.o)
                0x00000000200034fc                errno
 COMMON         0x0000000020003500        0x9 c:/st/stm32cubeide_1.6.1/stm32cubeide/plugins/com.st.stm32cube.ide.mcu.externaltools.gnu-tools-for-stm32.9-2020-q2-update.win32_1.5.0.202011040924/tools/bin/../lib/gcc/arm-none-eabi/9.3.1/../../../../arm-none-eabi/lib/thumb/v7e-m+fp/hard\libc_nano.a(lib_a-lock.o)
                0x0000000020003500                __lock___atexit_recursive_mutex
                0x0000000020003501                __lock___arc4random_mutex
                0x0000000020003502                __lock___env_recursive_mutex
                0x0000000020003503                __lock___sinit_recursive_mutex
                0x0000000020003504                __lock___malloc_recursive_mutex
                0x0000000020003505                __lock___at_quick_exit_mutex
                0x0000000020003506                __lock___dd_hash_mutex
                0x0000000020003507                __lock___tz_mutex
                0x0000000020003508                __lock___sfp_recursive_mutex
                0x000000002000350c                . = ALIGN (0x4)
 *fill*         0x0000000020003509        0x3 
                0x000000002000350c                _ebss = .
                0x000000002000350c                __bss_end__ = _ebss

._user_heap_stack
                0x000000002000350c     0x1e04 load address 0x000000000800d090
                0x0000000020003510                . = ALIGN (0x8)
 *fill*         0x000000002000350c        0x4 
                [!provide]                        PROVIDE (end = .)
                0x0000000020003510                PROVIDE (_end = .)
                0x0000000020003d10                . = (. + _Min_Heap_Size)
 *fill*         0x0000000020003510      0x800 
                0x0000000020005310                . = (. + _Min_Stack_Size)
 *fill*         0x0000000020003d10     0x1600 
                0x0000000020005310                . = ALIGN (0x8)

/DISCARD/
 libc.a(*)
 libm.a(*)
 libgcc.a(*)

.ARM.attributes
                0x0000000000000000       0x30
 *(.ARM.attributes)
 .ARM.attributes
                0x0000000000000000       0x1e c:/st/stm32cubeide_1.6.1/stm32cubeide/plugins/com.st.stm32cube.ide.mcu.externaltools.gnu-tools-for-stm32.9-2020-q2-update.win32_1.5.0.202011040924/tools/bin/../lib/gcc/arm-none-eabi/9.3.1/thumb/v7e-m+fp/hard/crti.o
 .ARM.attributes
                0x000000000000001e       0x34 c:/st/stm32cubeide_1.6.1/stm32cubeide/plugins/com.st.stm32cube.ide.mcu.externaltools.gnu-tools-for-stm32.9-2020-q2-update.win32_1.5.0.202011040924/tools/bin/../lib/gcc/arm-none-eabi/9.3.1/thumb/v7e-m+fp/hard/crtbegin.o
 .ARM.attributes
                0x0000000000000052       0x34 Core/Src/adc.o
 .ARM.attributes
                0x0000000000000086       0x34 Core/Src/dma.o
 .ARM.attributes
                0x00000000000000ba       0x34 Core/Src/freertos.o
 .ARM.attributes
                0x00000000000000ee       0x34 Core/Src/gpio.o
 .ARM.attributes
                0x0000000000000122       0x34 Core/Src/main.o
 .ARM.attributes
                0x0000000000000156       0x34 Core/Src/stm32f4xx_hal_msp.o
 .ARM.attributes
                0x000000000000018a       0x34 Core/Src/stm32f4xx_it.o
 .ARM.attributes
                0x00000000000001be       0x34 Core/Src/sysmem.o
 .ARM.attributes
                0x00000000000001f2       0x34 Core/Src/system_stm32f4xx.o
 .ARM.attributes
                0x0000000000000226       0x34 Core/Src/tim.o
 .ARM.attributes
                0x000000000000025a       0x34 Core/Src/usart.o
 .ARM.attributes
                0x000000000000028e       0x21 Core/Startup/startup_stm32f407zgtx.o
 .ARM.attributes
                0x00000000000002af       0x34 Drivers/STM32F4xx_HAL_Driver/Src/stm32f4xx_hal.o
 .ARM.attributes
                0x00000000000002e3       0x34 Drivers/STM32F4xx_HAL_Driver/Src/stm32f4xx_hal_adc.o
 .ARM.attributes
                0x0000000000000317       0x34 Drivers/STM32F4xx_HAL_Driver/Src/stm32f4xx_hal_adc_ex.o
 .ARM.attributes
                0x000000000000034b       0x34 Drivers/STM32F4xx_HAL_Driver/Src/stm32f4xx_hal_cortex.o
 .ARM.attributes
                0x000000000000037f       0x34 Drivers/STM32F4xx_HAL_Driver/Src/stm32f4xx_hal_dma.o
 .ARM.attributes
                0x00000000000003b3       0x34 Drivers/STM32F4xx_HAL_Driver/Src/stm32f4xx_hal_flash.o
 .ARM.attributes
                0x00000000000003e7       0x34 Drivers/STM32F4xx_HAL_Driver/Src/stm32f4xx_hal_flash_ex.o
 .ARM.attributes
                0x000000000000041b       0x34 Drivers/STM32F4xx_HAL_Driver/Src/stm32f4xx_hal_gpio.o
 .ARM.attributes
                0x000000000000044f       0x34 Drivers/STM32F4xx_HAL_Driver/Src/stm32f4xx_hal_rcc.o
 .ARM.attributes
                0x0000000000000483       0x34 Drivers/STM32F4xx_HAL_Driver/Src/stm32f4xx_hal_tim.o
 .ARM.attributes
                0x00000000000004b7       0x34 Drivers/STM32F4xx_HAL_Driver/Src/stm32f4xx_hal_tim_ex.o
 .ARM.attributes
                0x00000000000004eb       0x34 Drivers/STM32F4xx_HAL_Driver/Src/stm32f4xx_hal_uart.o
 .ARM.attributes
                0x000000000000051f       0x34 Middlewares/Third_Party/FreeRTOS/Source/CMSIS_RTOS/cmsis_os.o
 .ARM.attributes
                0x0000000000000553       0x34 Middlewares/Third_Party/FreeRTOS/Source/list.o
 .ARM.attributes
                0x0000000000000587       0x34 Middlewares/Third_Party/FreeRTOS/Source/tasks.o
 .ARM.attributes
                0x00000000000005bb       0x34 Middlewares/Third_Party/FreeRTOS/Source/portable/GCC/ARM_CM4F/port.o
 .ARM.attributes
                0x00000000000005ef       0x34 Middlewares/Third_Party/FreeRTOS/Source/portable/MemMang/heap_3.o
 .ARM.attributes
                0x0000000000000623       0x34 c:/st/stm32cubeide_1.6.1/stm32cubeide/plugins/com.st.stm32cube.ide.mcu.externaltools.gnu-tools-for-stm32.9-2020-q2-update.win32_1.5.0.202011040924/tools/bin/../lib/gcc/arm-none-eabi/9.3.1/../../../../arm-none-eabi/lib/thumb/v7e-m+fp/hard\libc_nano.a(lib_a-errno.o)
 .ARM.attributes
                0x0000000000000657       0x32 c:/st/stm32cubeide_1.6.1/stm32cubeide/plugins/com.st.stm32cube.ide.mcu.externaltools.gnu-tools-for-stm32.9-2020-q2-update.win32_1.5.0.202011040924/tools/bin/../lib/gcc/arm-none-eabi/9.3.1/../../../../arm-none-eabi/lib/thumb/v7e-m+fp/hard\libc_nano.a(lib_a-impure.o)
 .ARM.attributes
                0x0000000000000689       0x34 c:/st/stm32cubeide_1.6.1/stm32cubeide/plugins/com.st.stm32cube.ide.mcu.externaltools.gnu-tools-for-stm32.9-2020-q2-update.win32_1.5.0.202011040924/tools/bin/../lib/gcc/arm-none-eabi/9.3.1/../../../../arm-none-eabi/lib/thumb/v7e-m+fp/hard\libc_nano.a(lib_a-init.o)
 .ARM.attributes
                0x00000000000006bd       0x34 c:/st/stm32cubeide_1.6.1/stm32cubeide/plugins/com.st.stm32cube.ide.mcu.externaltools.gnu-tools-for-stm32.9-2020-q2-update.win32_1.5.0.202011040924/tools/bin/../lib/gcc/arm-none-eabi/9.3.1/../../../../arm-none-eabi/lib/thumb/v7e-m+fp/hard\libc_nano.a(lib_a-malloc.o)
 .ARM.attributes
                0x00000000000006f1       0x34 c:/st/stm32cubeide_1.6.1/stm32cubeide/plugins/com.st.stm32cube.ide.mcu.externaltools.gnu-tools-for-stm32.9-2020-q2-update.win32_1.5.0.202011040924/tools/bin/../lib/gcc/arm-none-eabi/9.3.1/../../../../arm-none-eabi/lib/thumb/v7e-m+fp/hard\libc_nano.a(lib_a-memset.o)
 .ARM.attributes
                0x0000000000000725       0x34 c:/st/stm32cubeide_1.6.1/stm32cubeide/plugins/com.st.stm32cube.ide.mcu.externaltools.gnu-tools-for-stm32.9-2020-q2-update.win32_1.5.0.202011040924/tools/bin/../lib/gcc/arm-none-eabi/9.3.1/../../../../arm-none-eabi/lib/thumb/v7e-m+fp/hard\libc_nano.a(lib_a-nano-freer.o)
 .ARM.attributes
                0x0000000000000759       0x34 c:/st/stm32cubeide_1.6.1/stm32cubeide/plugins/com.st.stm32cube.ide.mcu.externaltools.gnu-tools-for-stm32.9-2020-q2-update.win32_1.5.0.202011040924/tools/bin/../lib/gcc/arm-none-eabi/9.3.1/../../../../arm-none-eabi/lib/thumb/v7e-m+fp/hard\libc_nano.a(lib_a-nano-mallocr.o)
 .ARM.attributes
                0x000000000000078d       0x34 c:/st/stm32cubeide_1.6.1/stm32cubeide/plugins/com.st.stm32cube.ide.mcu.externaltools.gnu-tools-for-stm32.9-2020-q2-update.win32_1.5.0.202011040924/tools/bin/../lib/gcc/arm-none-eabi/9.3.1/../../../../arm-none-eabi/lib/thumb/v7e-m+fp/hard\libc_nano.a(lib_a-sbrkr.o)
 .ARM.attributes
                0x00000000000007c1       0x34 c:/st/stm32cubeide_1.6.1/stm32cubeide/plugins/com.st.stm32cube.ide.mcu.externaltools.gnu-tools-for-stm32.9-2020-q2-update.win32_1.5.0.202011040924/tools/bin/../lib/gcc/arm-none-eabi/9.3.1/../../../../arm-none-eabi/lib/thumb/v7e-m+fp/hard\libc_nano.a(lib_a-mlock.o)
 .ARM.attributes
                0x00000000000007f5       0x34 c:/st/stm32cubeide_1.6.1/stm32cubeide/plugins/com.st.stm32cube.ide.mcu.externaltools.gnu-tools-for-stm32.9-2020-q2-update.win32_1.5.0.202011040924/tools/bin/../lib/gcc/arm-none-eabi/9.3.1/../../../../arm-none-eabi/lib/thumb/v7e-m+fp/hard\libc_nano.a(lib_a-reent.o)
 .ARM.attributes
                0x0000000000000829       0x34 c:/st/stm32cubeide_1.6.1/stm32cubeide/plugins/com.st.stm32cube.ide.mcu.externaltools.gnu-tools-for-stm32.9-2020-q2-update.win32_1.5.0.202011040924/tools/bin/../lib/gcc/arm-none-eabi/9.3.1/../../../../arm-none-eabi/lib/thumb/v7e-m+fp/hard\libc_nano.a(lib_a-lock.o)
 .ARM.attributes
                0x000000000000085d       0x34 c:/st/stm32cubeide_1.6.1/stm32cubeide/plugins/com.st.stm32cube.ide.mcu.externaltools.gnu-tools-for-stm32.9-2020-q2-update.win32_1.5.0.202011040924/tools/bin/../lib/gcc/arm-none-eabi/9.3.1/../../../../arm-none-eabi/lib/thumb/v7e-m+fp/hard\libm.a(lib_a-s_cos.o)
 .ARM.attributes
                0x0000000000000891       0x34 c:/st/stm32cubeide_1.6.1/stm32cubeide/plugins/com.st.stm32cube.ide.mcu.externaltools.gnu-tools-for-stm32.9-2020-q2-update.win32_1.5.0.202011040924/tools/bin/../lib/gcc/arm-none-eabi/9.3.1/../../../../arm-none-eabi/lib/thumb/v7e-m+fp/hard\libm.a(lib_a-s_sin.o)
 .ARM.attributes